<?xml version="1.0" encoding="ISO-8859-1" ?>
<link_info>
   <banner>MSP430 Linker Unix v21.6.1.LTS</banner>
   <copyright>Copyright (c) 2003-2018 Texas Instruments Incorporated</copyright>
   <link_time>0x66544c00</link_time>
   <link_errors>0x0</link_errors>
   <output_file>proiect_smp_v2.out</output_file>
   <entry_point>
      <name>_c_int00_noargs_mpu</name>
      <address>0xc002</address>
   </entry_point>
   <input_file_list>
      <input_file id="fl-1">
         <path>./</path>
         <kind>object</kind>
         <file>main.obj</file>
         <name>main.obj</name>
      </input_file>
      <input_file id="fl-7">
         <kind>object</kind>
         <file>&lt;internal&gt;</file>
         <name>&lt;internal&gt;</name>
      </input_file>
      <input_file id="fl-22">
         <path>/Applications/ti/ccs1250/ccs/tools/compiler/ti-cgt-msp430_21.6.1.LTS/lib/</path>
         <kind>archive</kind>
         <file>rts430x_lc_sd_eabi.lib</file>
         <name>copy_decompress_lzss.c.obj</name>
      </input_file>
      <input_file id="fl-23">
         <path>/Applications/ti/ccs1250/ccs/tools/compiler/ti-cgt-msp430_21.6.1.LTS/lib/</path>
         <kind>archive</kind>
         <file>rts430x_lc_sd_eabi.lib</file>
         <name>copy_decompress_none.c.obj</name>
      </input_file>
      <input_file id="fl-24">
         <path>/Applications/ti/ccs1250/ccs/tools/compiler/ti-cgt-msp430_21.6.1.LTS/lib/</path>
         <kind>archive</kind>
         <file>rts430x_lc_sd_eabi.lib</file>
         <name>int23.asm.obj</name>
      </input_file>
      <input_file id="fl-25">
         <path>/Applications/ti/ccs1250/ccs/tools/compiler/ti-cgt-msp430_21.6.1.LTS/lib/</path>
         <kind>archive</kind>
         <file>rts430x_lc_sd_eabi.lib</file>
         <name>isr_trap.asm.obj</name>
      </input_file>
      <input_file id="fl-26">
         <path>/Applications/ti/ccs1250/ccs/tools/compiler/ti-cgt-msp430_21.6.1.LTS/lib/</path>
         <kind>archive</kind>
         <file>rts430x_lc_sd_eabi.lib</file>
         <name>int25.asm.obj</name>
      </input_file>
      <input_file id="fl-27">
         <path>/Applications/ti/ccs1250/ccs/tools/compiler/ti-cgt-msp430_21.6.1.LTS/lib/</path>
         <kind>archive</kind>
         <file>rts430x_lc_sd_eabi.lib</file>
         <name>int26.asm.obj</name>
      </input_file>
      <input_file id="fl-28">
         <path>/Applications/ti/ccs1250/ccs/tools/compiler/ti-cgt-msp430_21.6.1.LTS/lib/</path>
         <kind>archive</kind>
         <file>rts430x_lc_sd_eabi.lib</file>
         <name>int27.asm.obj</name>
      </input_file>
      <input_file id="fl-29">
         <path>/Applications/ti/ccs1250/ccs/tools/compiler/ti-cgt-msp430_21.6.1.LTS/lib/</path>
         <kind>archive</kind>
         <file>rts430x_lc_sd_eabi.lib</file>
         <name>int28.asm.obj</name>
      </input_file>
      <input_file id="fl-2a">
         <path>/Applications/ti/ccs1250/ccs/tools/compiler/ti-cgt-msp430_21.6.1.LTS/lib/</path>
         <kind>archive</kind>
         <file>rts430x_lc_sd_eabi.lib</file>
         <name>int29.asm.obj</name>
      </input_file>
      <input_file id="fl-2b">
         <path>/Applications/ti/ccs1250/ccs/tools/compiler/ti-cgt-msp430_21.6.1.LTS/lib/</path>
         <kind>archive</kind>
         <file>rts430x_lc_sd_eabi.lib</file>
         <name>int30.asm.obj</name>
      </input_file>
      <input_file id="fl-2c">
         <path>/Applications/ti/ccs1250/ccs/tools/compiler/ti-cgt-msp430_21.6.1.LTS/lib/</path>
         <kind>archive</kind>
         <file>rts430x_lc_sd_eabi.lib</file>
         <name>int31.asm.obj</name>
      </input_file>
      <input_file id="fl-2d">
         <path>/Applications/ti/ccs1250/ccs/tools/compiler/ti-cgt-msp430_21.6.1.LTS/lib/</path>
         <kind>archive</kind>
         <file>rts430x_lc_sd_eabi.lib</file>
         <name>int33.asm.obj</name>
      </input_file>
      <input_file id="fl-2e">
         <path>/Applications/ti/ccs1250/ccs/tools/compiler/ti-cgt-msp430_21.6.1.LTS/lib/</path>
         <kind>archive</kind>
         <file>rts430x_lc_sd_eabi.lib</file>
         <name>int34.asm.obj</name>
      </input_file>
      <input_file id="fl-2f">
         <path>/Applications/ti/ccs1250/ccs/tools/compiler/ti-cgt-msp430_21.6.1.LTS/lib/</path>
         <kind>archive</kind>
         <file>rts430x_lc_sd_eabi.lib</file>
         <name>int35.asm.obj</name>
      </input_file>
      <input_file id="fl-30">
         <path>/Applications/ti/ccs1250/ccs/tools/compiler/ti-cgt-msp430_21.6.1.LTS/lib/</path>
         <kind>archive</kind>
         <file>rts430x_lc_sd_eabi.lib</file>
         <name>int36.asm.obj</name>
      </input_file>
      <input_file id="fl-31">
         <path>/Applications/ti/ccs1250/ccs/tools/compiler/ti-cgt-msp430_21.6.1.LTS/lib/</path>
         <kind>archive</kind>
         <file>rts430x_lc_sd_eabi.lib</file>
         <name>int37.asm.obj</name>
      </input_file>
      <input_file id="fl-32">
         <path>/Applications/ti/ccs1250/ccs/tools/compiler/ti-cgt-msp430_21.6.1.LTS/lib/</path>
         <kind>archive</kind>
         <file>rts430x_lc_sd_eabi.lib</file>
         <name>int38.asm.obj</name>
      </input_file>
      <input_file id="fl-33">
         <path>/Applications/ti/ccs1250/ccs/tools/compiler/ti-cgt-msp430_21.6.1.LTS/lib/</path>
         <kind>archive</kind>
         <file>rts430x_lc_sd_eabi.lib</file>
         <name>int39.asm.obj</name>
      </input_file>
      <input_file id="fl-34">
         <path>/Applications/ti/ccs1250/ccs/tools/compiler/ti-cgt-msp430_21.6.1.LTS/lib/</path>
         <kind>archive</kind>
         <file>rts430x_lc_sd_eabi.lib</file>
         <name>int40.asm.obj</name>
      </input_file>
      <input_file id="fl-35">
         <path>/Applications/ti/ccs1250/ccs/tools/compiler/ti-cgt-msp430_21.6.1.LTS/lib/</path>
         <kind>archive</kind>
         <file>rts430x_lc_sd_eabi.lib</file>
         <name>int41.asm.obj</name>
      </input_file>
      <input_file id="fl-36">
         <path>/Applications/ti/ccs1250/ccs/tools/compiler/ti-cgt-msp430_21.6.1.LTS/lib/</path>
         <kind>archive</kind>
         <file>rts430x_lc_sd_eabi.lib</file>
         <name>int42.asm.obj</name>
      </input_file>
      <input_file id="fl-37">
         <path>/Applications/ti/ccs1250/ccs/tools/compiler/ti-cgt-msp430_21.6.1.LTS/lib/</path>
         <kind>archive</kind>
         <file>rts430x_lc_sd_eabi.lib</file>
         <name>int43.asm.obj</name>
      </input_file>
      <input_file id="fl-38">
         <path>/Applications/ti/ccs1250/ccs/tools/compiler/ti-cgt-msp430_21.6.1.LTS/lib/</path>
         <kind>archive</kind>
         <file>rts430x_lc_sd_eabi.lib</file>
         <name>int44.asm.obj</name>
      </input_file>
      <input_file id="fl-39">
         <path>/Applications/ti/ccs1250/ccs/tools/compiler/ti-cgt-msp430_21.6.1.LTS/lib/</path>
         <kind>archive</kind>
         <file>rts430x_lc_sd_eabi.lib</file>
         <name>int45.asm.obj</name>
      </input_file>
      <input_file id="fl-3a">
         <path>/Applications/ti/ccs1250/ccs/tools/compiler/ti-cgt-msp430_21.6.1.LTS/lib/</path>
         <kind>archive</kind>
         <file>rts430x_lc_sd_eabi.lib</file>
         <name>copy_zero_init.c.obj</name>
      </input_file>
      <input_file id="fl-3b">
         <path>/Applications/ti/ccs1250/ccs/tools/compiler/ti-cgt-msp430_21.6.1.LTS/lib/</path>
         <kind>archive</kind>
         <file>rts430x_lc_sd_eabi.lib</file>
         <name>cpy_util.asm.obj</name>
      </input_file>
      <input_file id="fl-3c">
         <path>/Applications/ti/ccs1250/ccs/tools/compiler/ti-cgt-msp430_21.6.1.LTS/lib/</path>
         <kind>archive</kind>
         <file>rts430x_lc_sd_eabi.lib</file>
         <name>mult16_f5hw.asm.obj</name>
      </input_file>
      <input_file id="fl-3d">
         <path>/Applications/ti/ccs1250/ccs/tools/compiler/ti-cgt-msp430_21.6.1.LTS/lib/</path>
         <kind>archive</kind>
         <file>rts430x_lc_sd_eabi.lib</file>
         <name>mult32_f5hw.asm.obj</name>
      </input_file>
      <input_file id="fl-3e">
         <path>/Applications/ti/ccs1250/ccs/tools/compiler/ti-cgt-msp430_21.6.1.LTS/lib/</path>
         <kind>archive</kind>
         <file>rts430x_lc_sd_eabi.lib</file>
         <name>mult64_f5hw.asm.obj</name>
      </input_file>
      <input_file id="fl-3f">
         <path>/Applications/ti/ccs1250/ccs/tools/compiler/ti-cgt-msp430_21.6.1.LTS/lib/</path>
         <kind>archive</kind>
         <file>rts430x_lc_sd_eabi.lib</file>
         <name>mult1632_f5hw.asm.obj</name>
      </input_file>
      <input_file id="fl-40">
         <path>/Applications/ti/ccs1250/ccs/tools/compiler/ti-cgt-msp430_21.6.1.LTS/lib/</path>
         <kind>archive</kind>
         <file>rts430x_lc_sd_eabi.lib</file>
         <name>mult3264_f5hw.asm.obj</name>
      </input_file>
      <input_file id="fl-41">
         <path>/Applications/ti/ccs1250/ccs/tools/compiler/ti-cgt-msp430_21.6.1.LTS/lib/</path>
         <kind>archive</kind>
         <file>rts430x_lc_sd_eabi.lib</file>
         <name>boot.c.obj</name>
      </input_file>
      <input_file id="fl-42">
         <path>/Applications/ti/ccs1250/ccs/ccs_base/msp430/lib/FR2xx/</path>
         <kind>archive</kind>
         <file>FRWP_INIT_LIB_CCS_msp430_large_code_small_data.lib</file>
         <name>frwp_init.obj</name>
      </input_file>
      <input_file id="fl-43">
         <path>/Applications/ti/ccs1250/ccs/tools/compiler/ti-cgt-msp430_21.6.1.LTS/lib/</path>
         <kind>archive</kind>
         <file>rts430x_lc_sd_eabi.lib</file>
         <name>args_main.c.obj</name>
      </input_file>
      <input_file id="fl-44">
         <path>/Applications/ti/ccs1250/ccs/tools/compiler/ti-cgt-msp430_21.6.1.LTS/lib/</path>
         <kind>archive</kind>
         <file>rts430x_lc_sd_eabi.lib</file>
         <name>autoinit.c.obj</name>
      </input_file>
      <input_file id="fl-45">
         <path>/Applications/ti/ccs1250/ccs/tools/compiler/ti-cgt-msp430_21.6.1.LTS/lib/</path>
         <kind>archive</kind>
         <file>rts430x_lc_sd_eabi.lib</file>
         <name>startup.c.obj</name>
      </input_file>
      <input_file id="fl-46">
         <path>/Applications/ti/ccs1250/ccs/tools/compiler/ti-cgt-msp430_21.6.1.LTS/lib/</path>
         <kind>archive</kind>
         <file>rts430x_lc_sd_eabi.lib</file>
         <name>pre_init.c.obj</name>
      </input_file>
      <input_file id="fl-47">
         <path>/Applications/ti/ccs1250/ccs/tools/compiler/ti-cgt-msp430_21.6.1.LTS/lib/</path>
         <kind>archive</kind>
         <file>rts430x_lc_sd_eabi.lib</file>
         <name>cpy_tbl.c.obj</name>
      </input_file>
      <input_file id="fl-48">
         <path>/Applications/ti/ccs1250/ccs/tools/compiler/ti-cgt-msp430_21.6.1.LTS/lib/</path>
         <kind>archive</kind>
         <file>rts430x_lc_sd_eabi.lib</file>
         <name>mult16.asm.obj</name>
      </input_file>
      <input_file id="fl-49">
         <path>/Applications/ti/ccs1250/ccs/tools/compiler/ti-cgt-msp430_21.6.1.LTS/lib/</path>
         <kind>archive</kind>
         <file>rts430x_lc_sd_eabi.lib</file>
         <name>exit.c.obj</name>
      </input_file>
      <input_file id="fl-4a">
         <path>/Applications/ti/ccs1250/ccs/tools/compiler/ti-cgt-msp430_21.6.1.LTS/lib/</path>
         <kind>archive</kind>
         <file>rts430x_lc_sd_eabi.lib</file>
         <name>exit_gvars.c.obj</name>
      </input_file>
      <input_file id="fl-4b">
         <path>/Applications/ti/ccs1250/ccs/tools/compiler/ti-cgt-msp430_21.6.1.LTS/lib/</path>
         <kind>archive</kind>
         <file>rts430x_lc_sd_eabi.lib</file>
         <name>_lock.c.obj</name>
      </input_file>
      <input_file id="fl-4c">
         <path>/Applications/ti/ccs1250/ccs/tools/compiler/ti-cgt-msp430_21.6.1.LTS/lib/</path>
         <kind>archive</kind>
         <file>rts430x_lc_sd_eabi.lib</file>
         <name>memcpy.c.obj</name>
      </input_file>
      <input_file id="fl-4d">
         <path>/Applications/ti/ccs1250/ccs/tools/compiler/ti-cgt-msp430_21.6.1.LTS/lib/</path>
         <kind>archive</kind>
         <file>rts430x_lc_sd_eabi.lib</file>
         <name>snprintf.c.obj</name>
      </input_file>
      <input_file id="fl-4e">
         <path>/Applications/ti/ccs1250/ccs/tools/compiler/ti-cgt-msp430_21.6.1.LTS/lib/</path>
         <kind>archive</kind>
         <file>rts430x_lc_sd_eabi.lib</file>
         <name>_printfi.c.obj</name>
      </input_file>
      <input_file id="fl-4f">
         <path>/Applications/ti/ccs1250/ccs/tools/compiler/ti-cgt-msp430_21.6.1.LTS/lib/</path>
         <kind>archive</kind>
         <file>rts430x_lc_sd_eabi.lib</file>
         <name>_ltoa.c.obj</name>
      </input_file>
      <input_file id="fl-50">
         <path>/Applications/ti/ccs1250/ccs/tools/compiler/ti-cgt-msp430_21.6.1.LTS/lib/</path>
         <kind>archive</kind>
         <file>rts430x_lc_sd_eabi.lib</file>
         <name>cmpd.c.obj</name>
      </input_file>
      <input_file id="fl-51">
         <path>/Applications/ti/ccs1250/ccs/tools/compiler/ti-cgt-msp430_21.6.1.LTS/lib/</path>
         <kind>archive</kind>
         <file>rts430x_lc_sd_eabi.lib</file>
         <name>divd.c.obj</name>
      </input_file>
      <input_file id="fl-52">
         <path>/Applications/ti/ccs1250/ccs/tools/compiler/ti-cgt-msp430_21.6.1.LTS/lib/</path>
         <kind>archive</kind>
         <file>rts430x_lc_sd_eabi.lib</file>
         <name>frcdivd.c.obj</name>
      </input_file>
      <input_file id="fl-53">
         <path>/Applications/ti/ccs1250/ccs/tools/compiler/ti-cgt-msp430_21.6.1.LTS/lib/</path>
         <kind>archive</kind>
         <file>rts430x_lc_sd_eabi.lib</file>
         <name>div32s.asm.obj</name>
      </input_file>
      <input_file id="fl-54">
         <path>/Applications/ti/ccs1250/ccs/tools/compiler/ti-cgt-msp430_21.6.1.LTS/lib/</path>
         <kind>archive</kind>
         <file>rts430x_lc_sd_eabi.lib</file>
         <name>div16u.asm.obj</name>
      </input_file>
      <input_file id="fl-55">
         <path>/Applications/ti/ccs1250/ccs/tools/compiler/ti-cgt-msp430_21.6.1.LTS/lib/</path>
         <kind>archive</kind>
         <file>rts430x_lc_sd_eabi.lib</file>
         <name>div32u.asm.obj</name>
      </input_file>
      <input_file id="fl-56">
         <path>/Applications/ti/ccs1250/ccs/tools/compiler/ti-cgt-msp430_21.6.1.LTS/lib/</path>
         <kind>archive</kind>
         <file>rts430x_lc_sd_eabi.lib</file>
         <name>div64u.c.obj</name>
      </input_file>
      <input_file id="fl-57">
         <path>/Applications/ti/ccs1250/ccs/tools/compiler/ti-cgt-msp430_21.6.1.LTS/lib/</path>
         <kind>archive</kind>
         <file>rts430x_lc_sd_eabi.lib</file>
         <name>fixdi.c.obj</name>
      </input_file>
      <input_file id="fl-58">
         <path>/Applications/ti/ccs1250/ccs/tools/compiler/ti-cgt-msp430_21.6.1.LTS/lib/</path>
         <kind>archive</kind>
         <file>rts430x_lc_sd_eabi.lib</file>
         <name>fixdli.c.obj</name>
      </input_file>
      <input_file id="fl-59">
         <path>/Applications/ti/ccs1250/ccs/tools/compiler/ti-cgt-msp430_21.6.1.LTS/lib/</path>
         <kind>archive</kind>
         <file>rts430x_lc_sd_eabi.lib</file>
         <name>fltid.c.obj</name>
      </input_file>
      <input_file id="fl-5a">
         <path>/Applications/ti/ccs1250/ccs/tools/compiler/ti-cgt-msp430_21.6.1.LTS/lib/</path>
         <kind>archive</kind>
         <file>rts430x_lc_sd_eabi.lib</file>
         <name>fltlid.c.obj</name>
      </input_file>
      <input_file id="fl-5b">
         <path>/Applications/ti/ccs1250/ccs/tools/compiler/ti-cgt-msp430_21.6.1.LTS/lib/</path>
         <kind>archive</kind>
         <file>rts430x_lc_sd_eabi.lib</file>
         <name>mpyd.c.obj</name>
      </input_file>
      <input_file id="fl-5c">
         <path>/Applications/ti/ccs1250/ccs/tools/compiler/ti-cgt-msp430_21.6.1.LTS/lib/</path>
         <kind>archive</kind>
         <file>rts430x_lc_sd_eabi.lib</file>
         <name>frcmpyd.c.obj</name>
      </input_file>
      <input_file id="fl-5d">
         <path>/Applications/ti/ccs1250/ccs/tools/compiler/ti-cgt-msp430_21.6.1.LTS/lib/</path>
         <kind>archive</kind>
         <file>rts430x_lc_sd_eabi.lib</file>
         <name>mult32.asm.obj</name>
      </input_file>
      <input_file id="fl-5e">
         <path>/Applications/ti/ccs1250/ccs/tools/compiler/ti-cgt-msp430_21.6.1.LTS/lib/</path>
         <kind>archive</kind>
         <file>rts430x_lc_sd_eabi.lib</file>
         <name>mult64.asm.obj</name>
      </input_file>
      <input_file id="fl-5f">
         <path>/Applications/ti/ccs1250/ccs/tools/compiler/ti-cgt-msp430_21.6.1.LTS/lib/</path>
         <kind>archive</kind>
         <file>rts430x_lc_sd_eabi.lib</file>
         <name>mult1632.asm.obj</name>
      </input_file>
      <input_file id="fl-60">
         <path>/Applications/ti/ccs1250/ccs/tools/compiler/ti-cgt-msp430_21.6.1.LTS/lib/</path>
         <kind>archive</kind>
         <file>rts430x_lc_sd_eabi.lib</file>
         <name>mult3264.asm.obj</name>
      </input_file>
      <input_file id="fl-61">
         <path>/Applications/ti/ccs1250/ccs/tools/compiler/ti-cgt-msp430_21.6.1.LTS/lib/</path>
         <kind>archive</kind>
         <file>rts430x_lc_sd_eabi.lib</file>
         <name>negd.c.obj</name>
      </input_file>
      <input_file id="fl-62">
         <path>/Applications/ti/ccs1250/ccs/tools/compiler/ti-cgt-msp430_21.6.1.LTS/lib/</path>
         <kind>archive</kind>
         <file>rts430x_lc_sd_eabi.lib</file>
         <name>lsl32.asm.obj</name>
      </input_file>
      <input_file id="fl-63">
         <path>/Applications/ti/ccs1250/ccs/tools/compiler/ti-cgt-msp430_21.6.1.LTS/lib/</path>
         <kind>archive</kind>
         <file>rts430x_lc_sd_eabi.lib</file>
         <name>lsl64.c.obj</name>
      </input_file>
      <input_file id="fl-64">
         <path>/Applications/ti/ccs1250/ccs/tools/compiler/ti-cgt-msp430_21.6.1.LTS/lib/</path>
         <kind>archive</kind>
         <file>rts430x_lc_sd_eabi.lib</file>
         <name>asr32.asm.obj</name>
      </input_file>
      <input_file id="fl-65">
         <path>/Applications/ti/ccs1250/ccs/tools/compiler/ti-cgt-msp430_21.6.1.LTS/lib/</path>
         <kind>archive</kind>
         <file>rts430x_lc_sd_eabi.lib</file>
         <name>lsr32.asm.obj</name>
      </input_file>
      <input_file id="fl-66">
         <path>/Applications/ti/ccs1250/ccs/tools/compiler/ti-cgt-msp430_21.6.1.LTS/lib/</path>
         <kind>archive</kind>
         <file>rts430x_lc_sd_eabi.lib</file>
         <name>lsr64.c.obj</name>
      </input_file>
      <input_file id="fl-67">
         <path>/Applications/ti/ccs1250/ccs/tools/compiler/ti-cgt-msp430_21.6.1.LTS/lib/</path>
         <kind>archive</kind>
         <file>rts430x_lc_sd_eabi.lib</file>
         <name>subd.c.obj</name>
      </input_file>
      <input_file id="fl-68">
         <path>/Applications/ti/ccs1250/ccs/tools/compiler/ti-cgt-msp430_21.6.1.LTS/lib/</path>
         <kind>archive</kind>
         <file>rts430x_lc_sd_eabi.lib</file>
         <name>addd.c.obj</name>
      </input_file>
      <input_file id="fl-69">
         <path>/Applications/ti/ccs1250/ccs/tools/compiler/ti-cgt-msp430_21.6.1.LTS/lib/</path>
         <kind>archive</kind>
         <file>rts430x_lc_sd_eabi.lib</file>
         <name>asr64.c.obj</name>
      </input_file>
      <input_file id="fl-6a">
         <path>/Applications/ti/ccs1250/ccs/tools/compiler/ti-cgt-msp430_21.6.1.LTS/lib/</path>
         <kind>archive</kind>
         <file>rts430x_lc_sd_eabi.lib</file>
         <name>abs.c.obj</name>
      </input_file>
      <input_file id="fl-6b">
         <path>/Applications/ti/ccs1250/ccs/tools/compiler/ti-cgt-msp430_21.6.1.LTS/lib/</path>
         <kind>archive</kind>
         <file>rts430x_lc_sd_eabi.lib</file>
         <name>atoi.c.obj</name>
      </input_file>
      <input_file id="fl-6c">
         <path>/Applications/ti/ccs1250/ccs/tools/compiler/ti-cgt-msp430_21.6.1.LTS/lib/</path>
         <kind>archive</kind>
         <file>rts430x_lc_sd_eabi.lib</file>
         <name>ctype.c.obj</name>
      </input_file>
      <input_file id="fl-6d">
         <path>/Applications/ti/ccs1250/ccs/tools/compiler/ti-cgt-msp430_21.6.1.LTS/lib/</path>
         <kind>archive</kind>
         <file>rts430x_lc_sd_eabi.lib</file>
         <name>errno.c.obj</name>
      </input_file>
      <input_file id="fl-6e">
         <path>/Applications/ti/ccs1250/ccs/tools/compiler/ti-cgt-msp430_21.6.1.LTS/lib/</path>
         <kind>archive</kind>
         <file>rts430x_lc_sd_eabi.lib</file>
         <name>s_frexp.c.obj</name>
      </input_file>
      <input_file id="fl-6f">
         <path>/Applications/ti/ccs1250/ccs/tools/compiler/ti-cgt-msp430_21.6.1.LTS/lib/</path>
         <kind>archive</kind>
         <file>rts430x_lc_sd_eabi.lib</file>
         <name>s_scalbn.c.obj</name>
      </input_file>
      <input_file id="fl-70">
         <path>/Applications/ti/ccs1250/ccs/tools/compiler/ti-cgt-msp430_21.6.1.LTS/lib/</path>
         <kind>archive</kind>
         <file>rts430x_lc_sd_eabi.lib</file>
         <name>s_copysign.c.obj</name>
      </input_file>
      <input_file id="fl-71">
         <path>/Applications/ti/ccs1250/ccs/tools/compiler/ti-cgt-msp430_21.6.1.LTS/lib/</path>
         <kind>archive</kind>
         <file>rts430x_lc_sd_eabi.lib</file>
         <name>memccpy.c.obj</name>
      </input_file>
      <input_file id="fl-72">
         <path>/Applications/ti/ccs1250/ccs/tools/compiler/ti-cgt-msp430_21.6.1.LTS/lib/</path>
         <kind>archive</kind>
         <file>rts430x_lc_sd_eabi.lib</file>
         <name>memset.c.obj</name>
      </input_file>
      <input_file id="fl-73">
         <path>/Applications/ti/ccs1250/ccs/tools/compiler/ti-cgt-msp430_21.6.1.LTS/lib/</path>
         <kind>archive</kind>
         <file>rts430x_lc_sd_eabi.lib</file>
         <name>strchr.c.obj</name>
      </input_file>
      <input_file id="fl-74">
         <path>/Applications/ti/ccs1250/ccs/tools/compiler/ti-cgt-msp430_21.6.1.LTS/lib/</path>
         <kind>archive</kind>
         <file>rts430x_lc_sd_eabi.lib</file>
         <name>strcmp.c.obj</name>
      </input_file>
      <input_file id="fl-75">
         <path>/Applications/ti/ccs1250/ccs/tools/compiler/ti-cgt-msp430_21.6.1.LTS/lib/</path>
         <kind>archive</kind>
         <file>rts430x_lc_sd_eabi.lib</file>
         <name>strlen.c.obj</name>
      </input_file>
      <input_file id="fl-76">
         <path>/Applications/ti/ccs1250/ccs/tools/compiler/ti-cgt-msp430_21.6.1.LTS/lib/</path>
         <kind>archive</kind>
         <file>rts430x_lc_sd_eabi.lib</file>
         <name>toupper.c.obj</name>
      </input_file>
      <input_file id="fl-77">
         <path>/Applications/ti/ccs1250/ccs/tools/compiler/ti-cgt-msp430_21.6.1.LTS/lib/</path>
         <kind>archive</kind>
         <file>rts430x_lc_sd_eabi.lib</file>
         <name>wcslen.c.obj</name>
      </input_file>
   </input_file_list>
   <object_component_list>
      <object_component id="oc-8cb">
         <name>.cinit..data.load</name>
         <load_address>0x8000</load_address>
         <run_address>0x8000</run_address>
         <size>0xd</size>
      </object_component>
      <object_component id="oc-8c8">
         <name>__TI_handler_table</name>
         <load_address>0x800e</load_address>
         <run_address>0x800e</run_address>
         <size>0xc</size>
      </object_component>
      <object_component id="oc-8ca">
         <name>.cinit..bss.load</name>
         <load_address>0x801a</load_address>
         <run_address>0x801a</run_address>
         <size>0x6</size>
      </object_component>
      <object_component id="oc-8c9">
         <name>__TI_cinit_table</name>
         <load_address>0x8020</load_address>
         <run_address>0x8020</run_address>
         <size>0x10</size>
      </object_component>
      <object_component id="oc-866">
         <name>.binit</name>
         <load_address>0x8030</load_address>
         <run_address>0x8030</run_address>
         <size>0x0</size>
      </object_component>
      <object_component id="oc-6cf">
         <name>.const:.string:_ctypes_</name>
         <load_address>0x8030</load_address>
         <run_address>0x8030</run_address>
         <size>0x101</size>
         <input_file_ref idref="fl-6c"/>
      </object_component>
      <object_component id="oc-49b">
         <name>.const:.string</name>
         <load_address>0x8132</load_address>
         <run_address>0x8132</run_address>
         <size>0xaa</size>
         <input_file_ref idref="fl-1"/>
      </object_component>
      <object_component id="oc-680">
         <name>.const:.string</name>
         <load_address>0x81dc</load_address>
         <run_address>0x81dc</run_address>
         <size>0x26</size>
         <input_file_ref idref="fl-4e"/>
      </object_component>
      <object_component id="oc-813">
         <name>.text:__mspabi_addd</name>
         <load_address>0x8202</load_address>
         <run_address>0x8202</run_address>
         <size>0x72a</size>
         <input_file_ref idref="fl-68"/>
      </object_component>
      <object_component id="oc-7d9">
         <name>.text:__TI_frcdivd</name>
         <load_address>0x892c</load_address>
         <run_address>0x892c</run_address>
         <size>0x468</size>
         <input_file_ref idref="fl-52"/>
      </object_component>
      <object_component id="oc-732">
         <name>.text:__mspabi_divull</name>
         <load_address>0x8d94</load_address>
         <run_address>0x8d94</run_address>
         <size>0x34e</size>
         <input_file_ref idref="fl-56"/>
      </object_component>
      <object_component id="oc-770">
         <name>.text:__mspabi_mpyd</name>
         <load_address>0x90e2</load_address>
         <run_address>0x90e2</run_address>
         <size>0x292</size>
         <input_file_ref idref="fl-5b"/>
      </object_component>
      <object_component id="oc-5e2">
         <name>.text:__TI_printfi:__TI_printfi</name>
         <load_address>0x9374</load_address>
         <run_address>0x9374</run_address>
         <size>0x27e</size>
         <input_file_ref idref="fl-4e"/>
      </object_component>
      <object_component id="oc-6b5">
         <name>.text:_pproc_fgea</name>
         <load_address>0x95f2</load_address>
         <run_address>0x95f2</run_address>
         <size>0x262</size>
         <input_file_ref idref="fl-4e"/>
      </object_component>
      <object_component id="oc-656">
         <name>.text:__TI_printfi:_setfield___TI_printfi</name>
         <load_address>0x9854</load_address>
         <run_address>0x9854</run_address>
         <size>0x246</size>
         <input_file_ref idref="fl-4e"/>
      </object_component>
      <object_component id="oc-783">
         <name>.text:acvt</name>
         <load_address>0x9a9a</load_address>
         <run_address>0x9a9a</run_address>
         <size>0x238</size>
         <input_file_ref idref="fl-4e"/>
      </object_component>
      <object_component id="oc-776">
         <name>.text:__mspabi_divd</name>
         <load_address>0x9cd2</load_address>
         <run_address>0x9cd2</run_address>
         <size>0x21a</size>
         <input_file_ref idref="fl-51"/>
      </object_component>
      <object_component id="oc-6ea">
         <name>.text:__TI_printfi:_getarg_diouxp___TI_printfi</name>
         <load_address>0x9eec</load_address>
         <run_address>0x9eec</run_address>
         <size>0x1e8</size>
         <input_file_ref idref="fl-4e"/>
      </object_component>
      <object_component id="oc-750">
         <name>.text:ecvt</name>
         <load_address>0xa0d4</load_address>
         <run_address>0xa0d4</run_address>
         <size>0x1d2</size>
         <input_file_ref idref="fl-4e"/>
      </object_component>
      <object_component id="oc-763">
         <name>.text:fcvt</name>
         <load_address>0xa2a6</load_address>
         <run_address>0xa2a6</run_address>
         <size>0x1b8</size>
         <input_file_ref idref="fl-4e"/>
      </object_component>
      <object_component id="oc-70f">
         <name>.text:_pconv_e</name>
         <load_address>0xa45e</load_address>
         <run_address>0xa45e</run_address>
         <size>0x19a</size>
         <input_file_ref idref="fl-4e"/>
      </object_component>
      <object_component id="oc-715">
         <name>.text:_pconv_a</name>
         <load_address>0xa5f8</load_address>
         <run_address>0xa5f8</run_address>
         <size>0x168</size>
         <input_file_ref idref="fl-4e"/>
      </object_component>
      <object_component id="oc-7d1">
         <name>.text:__TI_frcmpyd</name>
         <load_address>0xa760</load_address>
         <run_address>0xa760</run_address>
         <size>0x164</size>
         <input_file_ref idref="fl-5c"/>
      </object_component>
      <object_component id="oc-7e8">
         <name>.text:scalbn</name>
         <load_address>0xa8c4</load_address>
         <run_address>0xa8c4</run_address>
         <size>0x158</size>
         <input_file_ref idref="fl-6f"/>
      </object_component>
      <object_component id="oc-6af">
         <name>.text:__TI_printfi:_pproc_diouxp___TI_printfi</name>
         <load_address>0xaa1c</load_address>
         <run_address>0xaa1c</run_address>
         <size>0x140</size>
         <input_file_ref idref="fl-4e"/>
      </object_component>
      <object_component id="oc-6f0">
         <name>.text:__TI_printfi:_ltostr___TI_printfi</name>
         <load_address>0xab5c</load_address>
         <run_address>0xab5c</run_address>
         <size>0x122</size>
         <input_file_ref idref="fl-4e"/>
      </object_component>
      <object_component id="oc-703">
         <name>.text:_pconv_g</name>
         <load_address>0xac7e</load_address>
         <run_address>0xac7e</run_address>
         <size>0xf4</size>
         <input_file_ref idref="fl-4e"/>
      </object_component>
      <object_component id="oc-66">
         <name>.text:decompress:lzss:__TI_decompress_lzss</name>
         <load_address>0xad72</load_address>
         <run_address>0xad72</run_address>
         <size>0xee</size>
         <input_file_ref idref="fl-22"/>
      </object_component>
      <object_component id="oc-650">
         <name>.text:__TI_printfi:_pproc_fwp___TI_printfi</name>
         <load_address>0xae60</load_address>
         <run_address>0xae60</run_address>
         <size>0xdc</size>
         <input_file_ref idref="fl-4e"/>
      </object_component>
      <object_component id="oc-71b">
         <name>.text:__mspabi_cmpd</name>
         <load_address>0xaf3c</load_address>
         <run_address>0xaf3c</run_address>
         <size>0xd8</size>
         <input_file_ref idref="fl-50"/>
      </object_component>
      <object_component id="oc-568">
         <name>.text:Software_Trim</name>
         <load_address>0xb014</load_address>
         <run_address>0xb014</run_address>
         <size>0xbe</size>
         <input_file_ref idref="fl-1"/>
      </object_component>
      <object_component id="oc-4b8">
         <name>.text:main</name>
         <load_address>0xb0d2</load_address>
         <run_address>0xb0d2</run_address>
         <size>0xbe</size>
         <input_file_ref idref="fl-1"/>
      </object_component>
      <object_component id="oc-662">
         <name>.text:__TI_printfi:_pproc_wstr___TI_printfi</name>
         <load_address>0xb190</load_address>
         <run_address>0xb190</run_address>
         <size>0xb8</size>
         <input_file_ref idref="fl-4e"/>
      </object_component>
      <object_component id="oc-509">
         <name>.text:dht_read</name>
         <load_address>0xb248</load_address>
         <run_address>0xb248</run_address>
         <size>0xb6</size>
         <input_file_ref idref="fl-1"/>
      </object_component>
      <object_component id="oc-77d">
         <name>.text:frexp</name>
         <load_address>0xb2fe</load_address>
         <run_address>0xb2fe</run_address>
         <size>0xa6</size>
         <input_file_ref idref="fl-6e"/>
      </object_component>
      <object_component id="oc-65c">
         <name>.text:__TI_printfi:_pproc_str___TI_printfi</name>
         <load_address>0xb3a4</load_address>
         <run_address>0xb3a4</run_address>
         <size>0x9e</size>
         <input_file_ref idref="fl-4e"/>
      </object_component>
      <object_component id="oc-7b4">
         <name>.text:__mspabi_fltlid</name>
         <load_address>0xb442</load_address>
         <run_address>0xb442</run_address>
         <size>0x9e</size>
         <input_file_ref idref="fl-5a"/>
      </object_component>
      <object_component id="oc-756">
         <name>.text:_ecpy</name>
         <load_address>0xb4e0</load_address>
         <run_address>0xb4e0</run_address>
         <size>0x8a</size>
         <input_file_ref idref="fl-4e"/>
      </object_component>
      <object_component id="oc-75c">
         <name>.text:_mcpy</name>
         <load_address>0xb56a</load_address>
         <run_address>0xb56a</run_address>
         <size>0x8a</size>
         <input_file_ref idref="fl-4e"/>
      </object_component>
      <object_component id="oc-7ae">
         <name>.text:__TI_ltoa</name>
         <load_address>0xb5f4</load_address>
         <run_address>0xb5f4</run_address>
         <size>0x7c</size>
         <input_file_ref idref="fl-4f"/>
      </object_component>
      <object_component id="oc-709">
         <name>.text:_pconv_f</name>
         <load_address>0xb670</load_address>
         <run_address>0xb670</run_address>
         <size>0x74</size>
         <input_file_ref idref="fl-4e"/>
      </object_component>
      <object_component id="oc-541">
         <name>.text:__TI_auto_init_nobinit_nopinit_hold_wdt:__TI_auto_init_nobinit_nopinit_hold_wdt</name>
         <load_address>0xb6e4</load_address>
         <run_address>0xb6e4</run_address>
         <size>0x6a</size>
         <input_file_ref idref="fl-44"/>
      </object_component>
      <object_component id="oc-7a8">
         <name>.text:__mspabi_fixdli</name>
         <load_address>0xb74e</load_address>
         <run_address>0xb74e</run_address>
         <size>0x66</size>
         <input_file_ref idref="fl-58"/>
      </object_component>
      <object_component id="oc-81c">
         <name>.text:__mpyll</name>
         <load_address>0xb7b4</load_address>
         <run_address>0xb7b4</run_address>
         <size>0x5c</size>
         <input_file_ref idref="fl-3e"/>
      </object_component>
      <object_component id="oc-510">
         <name>.text:snprintf</name>
         <load_address>0xb810</load_address>
         <run_address>0xb810</run_address>
         <size>0x5a</size>
         <input_file_ref idref="fl-4d"/>
      </object_component>
      <object_component id="oc-738">
         <name>.text</name>
         <load_address>0xb86a</load_address>
         <run_address>0xb86a</run_address>
         <size>0x58</size>
         <input_file_ref idref="fl-55"/>
      </object_component>
      <object_component id="oc-695">
         <name>.text:atoi</name>
         <load_address>0xb8c2</load_address>
         <run_address>0xb8c2</run_address>
         <size>0x52</size>
         <input_file_ref idref="fl-6b"/>
      </object_component>
      <object_component id="oc-4f0">
         <name>.text:initClock</name>
         <load_address>0xb914</load_address>
         <run_address>0xb914</run_address>
         <size>0x4c</size>
         <input_file_ref idref="fl-1"/>
      </object_component>
      <object_component id="oc-4f6">
         <name>.text:initGPIO</name>
         <load_address>0xb960</load_address>
         <run_address>0xb960</run_address>
         <size>0x4c</size>
         <input_file_ref idref="fl-1"/>
      </object_component>
      <object_component id="oc-769">
         <name>.text:_fcpy</name>
         <load_address>0xb9ac</load_address>
         <run_address>0xb9ac</run_address>
         <size>0x48</size>
         <input_file_ref idref="fl-4e"/>
      </object_component>
      <object_component id="oc-42b">
         <name>.text:__memcpy_far</name>
         <load_address>0xb9f4</load_address>
         <run_address>0xb9f4</run_address>
         <size>0x40</size>
         <input_file_ref idref="fl-3b"/>
      </object_component>
      <object_component id="oc-850">
         <name>.text:__mspabi_srall</name>
         <load_address>0xba34</load_address>
         <run_address>0xba34</run_address>
         <size>0x40</size>
         <input_file_ref idref="fl-69"/>
      </object_component>
      <object_component id="oc-805">
         <name>.text</name>
         <load_address>0xba74</load_address>
         <run_address>0xba74</run_address>
         <size>0x40</size>
         <input_file_ref idref="fl-53"/>
      </object_component>
      <object_component id="oc-44e">
         <name>.text:decompress:ZI:__TI_zero_init_nomemset:__TI_zero_init_nomemset</name>
         <load_address>0xbab4</load_address>
         <run_address>0xbab4</run_address>
         <size>0x3e</size>
         <input_file_ref idref="fl-3a"/>
      </object_component>
      <object_component id="oc-82e">
         <name>.text:l_asr_const</name>
         <load_address>0xbaf2</load_address>
         <run_address>0xbaf2</run_address>
         <size>0x3e</size>
         <input_file_ref idref="fl-64"/>
      </object_component>
      <object_component id="oc-7ff">
         <name>.text:l_lsl_const</name>
         <load_address>0xbb30</load_address>
         <run_address>0xbb30</run_address>
         <size>0x3e</size>
         <input_file_ref idref="fl-62"/>
      </object_component>
      <object_component id="oc-80c">
         <name>.text:l_lsr_const</name>
         <load_address>0xbb6e</load_address>
         <run_address>0xbb6e</run_address>
         <size>0x3e</size>
         <input_file_ref idref="fl-65"/>
      </object_component>
      <object_component id="oc-4ca">
         <name>.text:__mpu_init</name>
         <load_address>0xbbac</load_address>
         <run_address>0xbbac</run_address>
         <size>0x3c</size>
         <input_file_ref idref="fl-42"/>
      </object_component>
      <object_component id="oc-6c">
         <name>.text:decompress:none:__TI_decompress_none</name>
         <load_address>0xbbe8</load_address>
         <run_address>0xbbe8</run_address>
         <size>0x3c</size>
         <input_file_ref idref="fl-23"/>
      </object_component>
      <object_component id="oc-797">
         <name>.text:__mspabi_sllll</name>
         <load_address>0xbc24</load_address>
         <run_address>0xbc24</run_address>
         <size>0x3a</size>
         <input_file_ref idref="fl-63"/>
      </object_component>
      <object_component id="oc-73d">
         <name>.text:__mspabi_srlll</name>
         <load_address>0xbc5e</load_address>
         <run_address>0xbc5e</run_address>
         <size>0x3a</size>
         <input_file_ref idref="fl-66"/>
      </object_component>
      <object_component id="oc-579">
         <name>.text:_outs</name>
         <load_address>0xbc98</load_address>
         <run_address>0xbc98</run_address>
         <size>0x32</size>
         <input_file_ref idref="fl-4d"/>
      </object_component>
      <object_component id="oc-7ba">
         <name>.text:__mspabi_subd</name>
         <load_address>0xbcca</load_address>
         <run_address>0xbcca</run_address>
         <size>0x2e</size>
         <input_file_ref idref="fl-67"/>
      </object_component>
      <object_component id="oc-83e">
         <name>.text:copysign</name>
         <load_address>0xbcf8</load_address>
         <run_address>0xbcf8</run_address>
         <size>0x2e</size>
         <input_file_ref idref="fl-70"/>
      </object_component>
      <object_component id="oc-821">
         <name>.text:__mpyull</name>
         <load_address>0xbd26</load_address>
         <run_address>0xbd26</run_address>
         <size>0x2c</size>
         <input_file_ref idref="fl-40"/>
      </object_component>
      <object_component id="oc-6fd">
         <name>.text:__mspabi_negd</name>
         <load_address>0xbd52</load_address>
         <run_address>0xbd52</run_address>
         <size>0x2a</size>
         <input_file_ref idref="fl-61"/>
      </object_component>
      <object_component id="oc-7c0">
         <name>.text:__mspabi_fixdi</name>
         <load_address>0xbd7c</load_address>
         <run_address>0xbd7c</run_address>
         <size>0x28</size>
         <input_file_ref idref="fl-57"/>
      </object_component>
      <object_component id="oc-4fc">
         <name>.text:initUART</name>
         <load_address>0xbda4</load_address>
         <run_address>0xbda4</run_address>
         <size>0x24</size>
         <input_file_ref idref="fl-1"/>
      </object_component>
      <object_component id="oc-829">
         <name>.text</name>
         <load_address>0xbdc8</load_address>
         <run_address>0xbdc8</run_address>
         <size>0x24</size>
         <input_file_ref idref="fl-3d"/>
      </object_component>
      <object_component id="oc-687">
         <name>.text:memccpy</name>
         <load_address>0xbdec</load_address>
         <run_address>0xbdec</run_address>
         <size>0x22</size>
         <input_file_ref idref="fl-71"/>
      </object_component>
      <object_component id="oc-572">
         <name>.text:startDHT11</name>
         <load_address>0xbe0e</load_address>
         <run_address>0xbe0e</run_address>
         <size>0x22</size>
         <input_file_ref idref="fl-1"/>
      </object_component>
      <object_component id="oc-516">
         <name>.text:ms_sleep</name>
         <load_address>0xbe30</load_address>
         <run_address>0xbe30</run_address>
         <size>0x20</size>
         <input_file_ref idref="fl-1"/>
      </object_component>
      <object_component id="oc-57f">
         <name>.text:_outc</name>
         <load_address>0xbe50</load_address>
         <run_address>0xbe50</run_address>
         <size>0x1e</size>
         <input_file_ref idref="fl-4d"/>
      </object_component>
      <object_component id="oc-7ee">
         <name>.text:strchr</name>
         <load_address>0xbe6e</load_address>
         <run_address>0xbe6e</run_address>
         <size>0x1a</size>
         <input_file_ref idref="fl-73"/>
      </object_component>
      <object_component id="oc-611">
         <name>.text</name>
         <load_address>0xbe88</load_address>
         <run_address>0xbe88</run_address>
         <size>0x18</size>
         <input_file_ref idref="fl-3c"/>
      </object_component>
      <object_component id="oc-49c">
         <name>.text:strcmp</name>
         <load_address>0xbea0</load_address>
         <run_address>0xbea0</run_address>
         <size>0x18</size>
         <input_file_ref idref="fl-74"/>
      </object_component>
      <object_component id="oc-6c2">
         <name>.text</name>
         <load_address>0xbeb8</load_address>
         <run_address>0xbeb8</run_address>
         <size>0x16</size>
         <input_file_ref idref="fl-54"/>
      </object_component>
      <object_component id="oc-4a2">
         <name>.text:sendUART</name>
         <load_address>0xbece</load_address>
         <run_address>0xbece</run_address>
         <size>0x16</size>
         <input_file_ref idref="fl-1"/>
      </object_component>
      <object_component id="oc-67a">
         <name>.text:memset</name>
         <load_address>0xbee4</load_address>
         <run_address>0xbee4</run_address>
         <size>0x14</size>
         <input_file_ref idref="fl-72"/>
      </object_component>
      <object_component id="oc-6a4">
         <name>.text:wcslen</name>
         <load_address>0xbef8</load_address>
         <run_address>0xbef8</run_address>
         <size>0x14</size>
         <input_file_ref idref="fl-77"/>
      </object_component>
      <object_component id="oc-5ce">
         <name>.text:memcpy</name>
         <load_address>0xbf0c</load_address>
         <run_address>0xbf0c</run_address>
         <size>0x12</size>
         <input_file_ref idref="fl-4c"/>
      </object_component>
      <object_component id="oc-79d">
         <name>.text:l_lsr</name>
         <load_address>0xbf1e</load_address>
         <run_address>0xbf1e</run_address>
         <size>0x10</size>
         <input_file_ref idref="fl-65"/>
      </object_component>
      <object_component id="oc-592">
         <name>.text:us_sleep</name>
         <load_address>0xbf2e</load_address>
         <run_address>0xbf2e</run_address>
         <size>0x10</size>
         <input_file_ref idref="fl-1"/>
      </object_component>
      <object_component id="oc-624">
         <name>.text:strlen</name>
         <load_address>0xbf3e</load_address>
         <run_address>0xbf3e</run_address>
         <size>0xe</size>
         <input_file_ref idref="fl-75"/>
      </object_component>
      <object_component id="oc-7f4">
         <name>.text:__mspabi_fltid</name>
         <load_address>0xbf4c</load_address>
         <run_address>0xbf4c</run_address>
         <size>0xc</size>
         <input_file_ref idref="fl-59"/>
      </object_component>
      <object_component id="oc-6f7">
         <name>.text:toupper</name>
         <load_address>0xbf58</load_address>
         <run_address>0xbf58</run_address>
         <size>0xc</size>
         <input_file_ref idref="fl-76"/>
      </object_component>
      <object_component id="oc-7c7">
         <name>.text:abs</name>
         <load_address>0xbf64</load_address>
         <run_address>0xbf64</run_address>
         <size>0xa</size>
         <input_file_ref idref="fl-6a"/>
      </object_component>
      <object_component id="oc-502">
         <name>.text:initTB0</name>
         <load_address>0xbf6e</load_address>
         <run_address>0xbf6e</run_address>
         <size>0x8</size>
         <input_file_ref idref="fl-1"/>
      </object_component>
      <object_component id="oc-51d">
         <name>.text:abort</name>
         <load_address>0xbf76</load_address>
         <run_address>0xbf76</run_address>
         <size>0x6</size>
         <input_file_ref idref="fl-49"/>
      </object_component>
      <object_component id="oc-4b2">
         <name>.text:_system_pre_init</name>
         <load_address>0xbf7c</load_address>
         <run_address>0xbf7c</run_address>
         <size>0x4</size>
         <input_file_ref idref="fl-46"/>
      </object_component>
      <object_component id="oc-5ab">
         <name>.text:_system_post_cinit</name>
         <load_address>0xbf80</load_address>
         <run_address>0xbf80</run_address>
         <size>0x2</size>
         <input_file_ref idref="fl-45"/>
      </object_component>
      <object_component id="oc-448">
         <name>.text:_isr:USCI_A1_ISR</name>
         <load_address>0xbf82</load_address>
         <run_address>0xbf82</run_address>
         <size>0x80</size>
         <input_file_ref idref="fl-1"/>
      </object_component>
      <object_component id="oc-478">
         <name>.text:_isr:_c_int00_noargs_mpu</name>
         <load_address>0xc002</load_address>
         <run_address>0xc002</run_address>
         <size>0x20</size>
         <input_file_ref idref="fl-41"/>
      </object_component>
      <object_component id="oc-442">
         <name>.text:_isr:Port_2</name>
         <load_address>0xc022</load_address>
         <run_address>0xc022</run_address>
         <size>0x10</size>
         <input_file_ref idref="fl-1"/>
      </object_component>
      <object_component id="oc-437">
         <name>.text:_isr:Port_4</name>
         <load_address>0xc032</load_address>
         <run_address>0xc032</run_address>
         <size>0x10</size>
         <input_file_ref idref="fl-1"/>
      </object_component>
      <object_component id="oc-43d">
         <name>.text:_isr:__TI_ISR_TRAP</name>
         <load_address>0xc042</load_address>
         <run_address>0xc042</run_address>
         <size>0x8</size>
         <input_file_ref idref="fl-25"/>
      </object_component>
      <object_component id="oc-508">
         <name>.common:response</name>
         <uninitialized>true</uninitialized>
         <run_address>0x2080</run_address>
         <size>0x6</size>
      </object_component>
      <object_component id="oc-50f">
         <name>.common:rez</name>
         <uninitialized>true</uninitialized>
         <run_address>0x2000</run_address>
         <size>0x80</size>
      </object_component>
      <object_component id="oc-494">
         <name>.data</name>
         <load_address>0x2086</load_address>
         <run_address>0x2086</run_address>
         <size>0xa</size>
         <input_file_ref idref="fl-1"/>
      </object_component>
      <object_component id="oc-49a">
         <name>.data:cmd$1</name>
         <load_address>0x2090</load_address>
         <run_address>0x2090</run_address>
         <size>0x3</size>
         <input_file_ref idref="fl-1"/>
      </object_component>
      <object_component id="oc-6aa">
         <name>.data</name>
         <load_address>0x2094</load_address>
         <run_address>0x2094</run_address>
         <size>0x2</size>
         <input_file_ref idref="fl-6d"/>
      </object_component>
      <object_component id="oc-41c">
         <name>.stack</name>
         <uninitialized>true</uninitialized>
         <run_address>0x2f60</run_address>
         <size>0x2</size>
         <input_file_ref idref="fl-41"/>
      </object_component>
      <object_component id="oc-8cc">
         <name>.stack</name>
         <uninitialized>true</uninitialized>
         <run_address>0x2f60</run_address>
         <size>0x0</size>
      </object_component>
      <object_component id="oc-72">
         <name>.int22</name>
         <load_address>0xffce</load_address>
         <run_address>0xffce</run_address>
         <size>0x2</size>
         <input_file_ref idref="fl-1"/>
      </object_component>
      <object_component id="oc-73">
         <name>.int23</name>
         <load_address>0xffd0</load_address>
         <run_address>0xffd0</run_address>
         <size>0x2</size>
         <input_file_ref idref="fl-24"/>
      </object_component>
      <object_component id="oc-74">
         <name>.int24</name>
         <load_address>0xffd2</load_address>
         <run_address>0xffd2</run_address>
         <size>0x2</size>
         <input_file_ref idref="fl-1"/>
      </object_component>
      <object_component id="oc-75">
         <name>.int25</name>
         <load_address>0xffd4</load_address>
         <run_address>0xffd4</run_address>
         <size>0x2</size>
         <input_file_ref idref="fl-26"/>
      </object_component>
      <object_component id="oc-76">
         <name>.int26</name>
         <load_address>0xffd6</load_address>
         <run_address>0xffd6</run_address>
         <size>0x2</size>
         <input_file_ref idref="fl-27"/>
      </object_component>
      <object_component id="oc-77">
         <name>.int27</name>
         <load_address>0xffd8</load_address>
         <run_address>0xffd8</run_address>
         <size>0x2</size>
         <input_file_ref idref="fl-28"/>
      </object_component>
      <object_component id="oc-78">
         <name>.int28</name>
         <load_address>0xffda</load_address>
         <run_address>0xffda</run_address>
         <size>0x2</size>
         <input_file_ref idref="fl-29"/>
      </object_component>
      <object_component id="oc-79">
         <name>.int29</name>
         <load_address>0xffdc</load_address>
         <run_address>0xffdc</run_address>
         <size>0x2</size>
         <input_file_ref idref="fl-2a"/>
      </object_component>
      <object_component id="oc-7a">
         <name>.int30</name>
         <load_address>0xffde</load_address>
         <run_address>0xffde</run_address>
         <size>0x2</size>
         <input_file_ref idref="fl-2b"/>
      </object_component>
      <object_component id="oc-7b">
         <name>.int31</name>
         <load_address>0xffe0</load_address>
         <run_address>0xffe0</run_address>
         <size>0x2</size>
         <input_file_ref idref="fl-2c"/>
      </object_component>
      <object_component id="oc-7c">
         <name>.int32</name>
         <load_address>0xffe2</load_address>
         <run_address>0xffe2</run_address>
         <size>0x2</size>
         <input_file_ref idref="fl-1"/>
      </object_component>
      <object_component id="oc-7d">
         <name>.int33</name>
         <load_address>0xffe4</load_address>
         <run_address>0xffe4</run_address>
         <size>0x2</size>
         <input_file_ref idref="fl-2d"/>
      </object_component>
      <object_component id="oc-7e">
         <name>.int34</name>
         <load_address>0xffe6</load_address>
         <run_address>0xffe6</run_address>
         <size>0x2</size>
         <input_file_ref idref="fl-2e"/>
      </object_component>
      <object_component id="oc-7f">
         <name>.int35</name>
         <load_address>0xffe8</load_address>
         <run_address>0xffe8</run_address>
         <size>0x2</size>
         <input_file_ref idref="fl-2f"/>
      </object_component>
      <object_component id="oc-80">
         <name>.int36</name>
         <load_address>0xffea</load_address>
         <run_address>0xffea</run_address>
         <size>0x2</size>
         <input_file_ref idref="fl-30"/>
      </object_component>
      <object_component id="oc-81">
         <name>.int37</name>
         <load_address>0xffec</load_address>
         <run_address>0xffec</run_address>
         <size>0x2</size>
         <input_file_ref idref="fl-31"/>
      </object_component>
      <object_component id="oc-82">
         <name>.int38</name>
         <load_address>0xffee</load_address>
         <run_address>0xffee</run_address>
         <size>0x2</size>
         <input_file_ref idref="fl-32"/>
      </object_component>
      <object_component id="oc-83">
         <name>.int39</name>
         <load_address>0xfff0</load_address>
         <run_address>0xfff0</run_address>
         <size>0x2</size>
         <input_file_ref idref="fl-33"/>
      </object_component>
      <object_component id="oc-84">
         <name>.int40</name>
         <load_address>0xfff2</load_address>
         <run_address>0xfff2</run_address>
         <size>0x2</size>
         <input_file_ref idref="fl-34"/>
      </object_component>
      <object_component id="oc-85">
         <name>.int41</name>
         <load_address>0xfff4</load_address>
         <run_address>0xfff4</run_address>
         <size>0x2</size>
         <input_file_ref idref="fl-35"/>
      </object_component>
      <object_component id="oc-86">
         <name>.int42</name>
         <load_address>0xfff6</load_address>
         <run_address>0xfff6</run_address>
         <size>0x2</size>
         <input_file_ref idref="fl-36"/>
      </object_component>
      <object_component id="oc-87">
         <name>.int43</name>
         <load_address>0xfff8</load_address>
         <run_address>0xfff8</run_address>
         <size>0x2</size>
         <input_file_ref idref="fl-37"/>
      </object_component>
      <object_component id="oc-88">
         <name>.int44</name>
         <load_address>0xfffa</load_address>
         <run_address>0xfffa</run_address>
         <size>0x2</size>
         <input_file_ref idref="fl-38"/>
      </object_component>
      <object_component id="oc-89">
         <name>.int45</name>
         <load_address>0xfffc</load_address>
         <run_address>0xfffc</run_address>
         <size>0x2</size>
         <input_file_ref idref="fl-39"/>
      </object_component>
      <object_component id="oc-41f">
         <name>.reset</name>
         <load_address>0xfffe</load_address>
         <run_address>0xfffe</run_address>
         <size>0x2</size>
         <input_file_ref idref="fl-41"/>
      </object_component>
      <object_component id="oc-4a9">
         <name>.debug_info</name>
         <load_address>0x0</load_address>
         <run_address>0x0</run_address>
         <size>0x681</size>
         <input_file_ref idref="fl-1"/>
      </object_component>
      <object_component id="oc-495">
         <name>.debug_info</name>
         <load_address>0x681</load_address>
         <run_address>0x681</run_address>
         <size>0x13f</size>
         <input_file_ref idref="fl-1"/>
      </object_component>
      <object_component id="oc-593">
         <name>.debug_info</name>
         <load_address>0x7c0</load_address>
         <run_address>0x7c0</run_address>
         <size>0x141</size>
         <input_file_ref idref="fl-1"/>
      </object_component>
      <object_component id="oc-517">
         <name>.debug_info</name>
         <load_address>0x901</load_address>
         <run_address>0x901</run_address>
         <size>0x13d</size>
         <input_file_ref idref="fl-1"/>
      </object_component>
      <object_component id="oc-573">
         <name>.debug_info</name>
         <load_address>0xa3e</load_address>
         <run_address>0xa3e</run_address>
         <size>0x10f</size>
         <input_file_ref idref="fl-1"/>
      </object_component>
      <object_component id="oc-4a3">
         <name>.debug_info</name>
         <load_address>0xb4d</load_address>
         <run_address>0xb4d</run_address>
         <size>0x11e</size>
         <input_file_ref idref="fl-1"/>
      </object_component>
      <object_component id="oc-569">
         <name>.debug_info</name>
         <load_address>0xc6b</load_address>
         <run_address>0xc6b</run_address>
         <size>0x226</size>
         <input_file_ref idref="fl-1"/>
      </object_component>
      <object_component id="oc-4f1">
         <name>.debug_info</name>
         <load_address>0xe91</load_address>
         <run_address>0xe91</run_address>
         <size>0x112</size>
         <input_file_ref idref="fl-1"/>
      </object_component>
      <object_component id="oc-4f7">
         <name>.debug_info</name>
         <load_address>0xfa3</load_address>
         <run_address>0xfa3</run_address>
         <size>0xfc</size>
         <input_file_ref idref="fl-1"/>
      </object_component>
      <object_component id="oc-4fd">
         <name>.debug_info</name>
         <load_address>0x109f</load_address>
         <run_address>0x109f</run_address>
         <size>0xfc</size>
         <input_file_ref idref="fl-1"/>
      </object_component>
      <object_component id="oc-503">
         <name>.debug_info</name>
         <load_address>0x119b</load_address>
         <run_address>0x119b</run_address>
         <size>0xfa</size>
         <input_file_ref idref="fl-1"/>
      </object_component>
      <object_component id="oc-50a">
         <name>.debug_info</name>
         <load_address>0x1295</load_address>
         <run_address>0x1295</run_address>
         <size>0x18d</size>
         <input_file_ref idref="fl-1"/>
      </object_component>
      <object_component id="oc-4b9">
         <name>.debug_info</name>
         <load_address>0x1422</load_address>
         <run_address>0x1422</run_address>
         <size>0x1a6</size>
         <input_file_ref idref="fl-1"/>
      </object_component>
      <object_component id="oc-449">
         <name>.debug_info</name>
         <load_address>0x15c8</load_address>
         <run_address>0x15c8</run_address>
         <size>0x191</size>
         <input_file_ref idref="fl-1"/>
      </object_component>
      <object_component id="oc-438">
         <name>.debug_info</name>
         <load_address>0x1759</load_address>
         <run_address>0x1759</run_address>
         <size>0xfc</size>
         <input_file_ref idref="fl-1"/>
      </object_component>
      <object_component id="oc-443">
         <name>.debug_info</name>
         <load_address>0x1855</load_address>
         <run_address>0x1855</run_address>
         <size>0xfc</size>
         <input_file_ref idref="fl-1"/>
      </object_component>
      <object_component id="oc-4e0">
         <name>.debug_info</name>
         <load_address>0x1951</load_address>
         <run_address>0x1951</run_address>
         <size>0x26b</size>
         <input_file_ref idref="fl-1"/>
      </object_component>
      <object_component id="oc-426">
         <name>.debug_info</name>
         <load_address>0x1bbc</load_address>
         <run_address>0x1bbc</run_address>
         <size>0x84</size>
         <input_file_ref idref="fl-1"/>
      </object_component>
      <object_component id="oc-563">
         <name>.debug_info</name>
         <load_address>0x1c40</load_address>
         <run_address>0x1c40</run_address>
         <size>0x282</size>
         <input_file_ref idref="fl-1"/>
      </object_component>
      <object_component id="oc-4ea">
         <name>.debug_info</name>
         <load_address>0x1ec2</load_address>
         <run_address>0x1ec2</run_address>
         <size>0xd9</size>
         <input_file_ref idref="fl-1"/>
      </object_component>
      <object_component id="oc-5ea">
         <name>.debug_info</name>
         <load_address>0x1f9b</load_address>
         <run_address>0x1f9b</run_address>
         <size>0x2c</size>
         <input_file_ref idref="fl-1"/>
      </object_component>
      <object_component id="oc-4e5">
         <name>.debug_info</name>
         <load_address>0x1fc7</load_address>
         <run_address>0x1fc7</run_address>
         <size>0x35</size>
         <input_file_ref idref="fl-1"/>
      </object_component>
      <object_component id="oc-67">
         <name>.debug_info</name>
         <load_address>0x1ffc</load_address>
         <run_address>0x1ffc</run_address>
         <size>0x2b8</size>
         <input_file_ref idref="fl-22"/>
      </object_component>
      <object_component id="oc-4d4">
         <name>.debug_info</name>
         <load_address>0x22b4</load_address>
         <run_address>0x22b4</run_address>
         <size>0x46</size>
         <input_file_ref idref="fl-22"/>
      </object_component>
      <object_component id="oc-48c">
         <name>.debug_info</name>
         <load_address>0x22fa</load_address>
         <run_address>0x22fa</run_address>
         <size>0x39</size>
         <input_file_ref idref="fl-22"/>
      </object_component>
      <object_component id="oc-421">
         <name>.debug_info</name>
         <load_address>0x2333</load_address>
         <run_address>0x2333</run_address>
         <size>0x60</size>
         <input_file_ref idref="fl-22"/>
      </object_component>
      <object_component id="oc-436">
         <name>.debug_info</name>
         <load_address>0x2393</load_address>
         <run_address>0x2393</run_address>
         <size>0x1da</size>
         <input_file_ref idref="fl-23"/>
      </object_component>
      <object_component id="oc-6d">
         <name>.debug_info</name>
         <load_address>0x256d</load_address>
         <run_address>0x256d</run_address>
         <size>0x1f2</size>
         <input_file_ref idref="fl-23"/>
      </object_component>
      <object_component id="oc-431">
         <name>.debug_info</name>
         <load_address>0x275f</load_address>
         <run_address>0x275f</run_address>
         <size>0x46</size>
         <input_file_ref idref="fl-23"/>
      </object_component>
      <object_component id="oc-43e">
         <name>.debug_info</name>
         <load_address>0x27a5</load_address>
         <run_address>0x27a5</run_address>
         <size>0x10f</size>
         <input_file_ref idref="fl-25"/>
      </object_component>
      <object_component id="oc-450">
         <name>.debug_info</name>
         <load_address>0x28b4</load_address>
         <run_address>0x28b4</run_address>
         <size>0x1d3</size>
         <input_file_ref idref="fl-3a"/>
      </object_component>
      <object_component id="oc-4ac">
         <name>.debug_info</name>
         <load_address>0x2a87</load_address>
         <run_address>0x2a87</run_address>
         <size>0x46</size>
         <input_file_ref idref="fl-3a"/>
      </object_component>
      <object_component id="oc-42c">
         <name>.debug_info</name>
         <load_address>0x2acd</load_address>
         <run_address>0x2acd</run_address>
         <size>0x121</size>
         <input_file_ref idref="fl-3b"/>
      </object_component>
      <object_component id="oc-612">
         <name>.debug_info</name>
         <load_address>0x2bee</load_address>
         <run_address>0x2bee</run_address>
         <size>0x130</size>
         <input_file_ref idref="fl-3c"/>
      </object_component>
      <object_component id="oc-82a">
         <name>.debug_info</name>
         <load_address>0x2d1e</load_address>
         <run_address>0x2d1e</run_address>
         <size>0x130</size>
         <input_file_ref idref="fl-3d"/>
      </object_component>
      <object_component id="oc-81d">
         <name>.debug_info</name>
         <load_address>0x2e4e</load_address>
         <run_address>0x2e4e</run_address>
         <size>0x132</size>
         <input_file_ref idref="fl-3e"/>
      </object_component>
      <object_component id="oc-822">
         <name>.debug_info</name>
         <load_address>0x2f80</load_address>
         <run_address>0x2f80</run_address>
         <size>0x136</size>
         <input_file_ref idref="fl-40"/>
      </object_component>
      <object_component id="oc-41d">
         <name>.debug_info</name>
         <load_address>0x30b6</load_address>
         <run_address>0x30b6</run_address>
         <size>0x100</size>
         <input_file_ref idref="fl-41"/>
      </object_component>
      <object_component id="oc-479">
         <name>.debug_info</name>
         <load_address>0x31b6</load_address>
         <run_address>0x31b6</run_address>
         <size>0x193</size>
         <input_file_ref idref="fl-41"/>
      </object_component>
      <object_component id="oc-4cc">
         <name>.debug_info</name>
         <load_address>0x3349</load_address>
         <run_address>0x3349</run_address>
         <size>0x1ae</size>
         <input_file_ref idref="fl-42"/>
      </object_component>
      <object_component id="oc-55c">
         <name>.debug_info</name>
         <load_address>0x34f7</load_address>
         <run_address>0x34f7</run_address>
         <size>0x18b</size>
         <input_file_ref idref="fl-42"/>
      </object_component>
      <object_component id="oc-5b2">
         <name>.debug_info</name>
         <load_address>0x3682</load_address>
         <run_address>0x3682</run_address>
         <size>0x409</size>
         <input_file_ref idref="fl-44"/>
      </object_component>
      <object_component id="oc-545">
         <name>.debug_info</name>
         <load_address>0x3a8b</load_address>
         <run_address>0x3a8b</run_address>
         <size>0x216</size>
         <input_file_ref idref="fl-44"/>
      </object_component>
      <object_component id="oc-607">
         <name>.debug_info</name>
         <load_address>0x3ca1</load_address>
         <run_address>0x3ca1</run_address>
         <size>0x39</size>
         <input_file_ref idref="fl-44"/>
      </object_component>
      <object_component id="oc-618">
         <name>.debug_info</name>
         <load_address>0x3cda</load_address>
         <run_address>0x3cda</run_address>
         <size>0x2c</size>
         <input_file_ref idref="fl-44"/>
      </object_component>
      <object_component id="oc-5bd">
         <name>.debug_info</name>
         <load_address>0x3d06</load_address>
         <run_address>0x3d06</run_address>
         <size>0x2c</size>
         <input_file_ref idref="fl-44"/>
      </object_component>
      <object_component id="oc-60c">
         <name>.debug_info</name>
         <load_address>0x3d32</load_address>
         <run_address>0x3d32</run_address>
         <size>0xcd</size>
         <input_file_ref idref="fl-44"/>
      </object_component>
      <object_component id="oc-5af">
         <name>.debug_info</name>
         <load_address>0x3dff</load_address>
         <run_address>0x3dff</run_address>
         <size>0x150</size>
         <input_file_ref idref="fl-45"/>
      </object_component>
      <object_component id="oc-4b3">
         <name>.debug_info</name>
         <load_address>0x3f4f</load_address>
         <run_address>0x3f4f</run_address>
         <size>0x153</size>
         <input_file_ref idref="fl-46"/>
      </object_component>
      <object_component id="oc-61f">
         <name>.debug_info</name>
         <load_address>0x40a2</load_address>
         <run_address>0x40a2</run_address>
         <size>0x2c</size>
         <input_file_ref idref="fl-47"/>
      </object_component>
      <object_component id="oc-520">
         <name>.debug_info</name>
         <load_address>0x40ce</load_address>
         <run_address>0x40ce</run_address>
         <size>0x122</size>
         <input_file_ref idref="fl-49"/>
      </object_component>
      <object_component id="oc-61e">
         <name>.debug_info</name>
         <load_address>0x41f0</load_address>
         <run_address>0x41f0</run_address>
         <size>0x181</size>
         <input_file_ref idref="fl-4c"/>
      </object_component>
      <object_component id="oc-5cf">
         <name>.debug_info</name>
         <load_address>0x4371</load_address>
         <run_address>0x4371</run_address>
         <size>0x17a</size>
         <input_file_ref idref="fl-4c"/>
      </object_component>
      <object_component id="oc-587">
         <name>.debug_info</name>
         <load_address>0x44eb</load_address>
         <run_address>0x44eb</run_address>
         <size>0x212</size>
         <input_file_ref idref="fl-4d"/>
      </object_component>
      <object_component id="oc-511">
         <name>.debug_info</name>
         <load_address>0x46fd</load_address>
         <run_address>0x46fd</run_address>
         <size>0x1df</size>
         <input_file_ref idref="fl-4d"/>
      </object_component>
      <object_component id="oc-57a">
         <name>.debug_info</name>
         <load_address>0x48dc</load_address>
         <run_address>0x48dc</run_address>
         <size>0x1c3</size>
         <input_file_ref idref="fl-4d"/>
      </object_component>
      <object_component id="oc-580">
         <name>.debug_info</name>
         <load_address>0x4a9f</load_address>
         <run_address>0x4a9f</run_address>
         <size>0x176</size>
         <input_file_ref idref="fl-4d"/>
      </object_component>
      <object_component id="oc-588">
         <name>.debug_info</name>
         <load_address>0x4c15</load_address>
         <run_address>0x4c15</run_address>
         <size>0x2c</size>
         <input_file_ref idref="fl-4d"/>
      </object_component>
      <object_component id="oc-58d">
         <name>.debug_info</name>
         <load_address>0x4c41</load_address>
         <run_address>0x4c41</run_address>
         <size>0x69</size>
         <input_file_ref idref="fl-4d"/>
      </object_component>
      <object_component id="oc-631">
         <name>.debug_info</name>
         <load_address>0x4caa</load_address>
         <run_address>0x4caa</run_address>
         <size>0x434</size>
         <input_file_ref idref="fl-4e"/>
      </object_component>
      <object_component id="oc-653">
         <name>.debug_info</name>
         <load_address>0x50de</load_address>
         <run_address>0x50de</run_address>
         <size>0x25a</size>
         <input_file_ref idref="fl-4e"/>
      </object_component>
      <object_component id="oc-6ed">
         <name>.debug_info</name>
         <load_address>0x5338</load_address>
         <run_address>0x5338</run_address>
         <size>0x1df</size>
         <input_file_ref idref="fl-4e"/>
      </object_component>
      <object_component id="oc-6f3">
         <name>.debug_info</name>
         <load_address>0x5517</load_address>
         <run_address>0x5517</run_address>
         <size>0x2c9</size>
         <input_file_ref idref="fl-4e"/>
      </object_component>
      <object_component id="oc-6b2">
         <name>.debug_info</name>
         <load_address>0x57e0</load_address>
         <run_address>0x57e0</run_address>
         <size>0x29c</size>
         <input_file_ref idref="fl-4e"/>
      </object_component>
      <object_component id="oc-753">
         <name>.debug_info</name>
         <load_address>0x5a7c</load_address>
         <run_address>0x5a7c</run_address>
         <size>0x3e2</size>
         <input_file_ref idref="fl-4e"/>
      </object_component>
      <object_component id="oc-759">
         <name>.debug_info</name>
         <load_address>0x5e5e</load_address>
         <run_address>0x5e5e</run_address>
         <size>0x1dc</size>
         <input_file_ref idref="fl-4e"/>
      </object_component>
      <object_component id="oc-75f">
         <name>.debug_info</name>
         <load_address>0x603a</load_address>
         <run_address>0x603a</run_address>
         <size>0x227</size>
         <input_file_ref idref="fl-4e"/>
      </object_component>
      <object_component id="oc-706">
         <name>.debug_info</name>
         <load_address>0x6261</load_address>
         <run_address>0x6261</run_address>
         <size>0x28a</size>
         <input_file_ref idref="fl-4e"/>
      </object_component>
      <object_component id="oc-766">
         <name>.debug_info</name>
         <load_address>0x64eb</load_address>
         <run_address>0x64eb</run_address>
         <size>0x3fe</size>
         <input_file_ref idref="fl-4e"/>
      </object_component>
      <object_component id="oc-76c">
         <name>.debug_info</name>
         <load_address>0x68e9</load_address>
         <run_address>0x68e9</run_address>
         <size>0x218</size>
         <input_file_ref idref="fl-4e"/>
      </object_component>
      <object_component id="oc-70c">
         <name>.debug_info</name>
         <load_address>0x6b01</load_address>
         <run_address>0x6b01</run_address>
         <size>0x24f</size>
         <input_file_ref idref="fl-4e"/>
      </object_component>
      <object_component id="oc-712">
         <name>.debug_info</name>
         <load_address>0x6d50</load_address>
         <run_address>0x6d50</run_address>
         <size>0x3a1</size>
         <input_file_ref idref="fl-4e"/>
      </object_component>
      <object_component id="oc-786">
         <name>.debug_info</name>
         <load_address>0x70f1</load_address>
         <run_address>0x70f1</run_address>
         <size>0x470</size>
         <input_file_ref idref="fl-4e"/>
      </object_component>
      <object_component id="oc-718">
         <name>.debug_info</name>
         <load_address>0x7561</load_address>
         <run_address>0x7561</run_address>
         <size>0x29d</size>
         <input_file_ref idref="fl-4e"/>
      </object_component>
      <object_component id="oc-6b8">
         <name>.debug_info</name>
         <load_address>0x77fe</load_address>
         <run_address>0x77fe</run_address>
         <size>0x3a7</size>
         <input_file_ref idref="fl-4e"/>
      </object_component>
      <object_component id="oc-659">
         <name>.debug_info</name>
         <load_address>0x7ba5</load_address>
         <run_address>0x7ba5</run_address>
         <size>0x33e</size>
         <input_file_ref idref="fl-4e"/>
      </object_component>
      <object_component id="oc-65f">
         <name>.debug_info</name>
         <load_address>0x7ee3</load_address>
         <run_address>0x7ee3</run_address>
         <size>0x293</size>
         <input_file_ref idref="fl-4e"/>
      </object_component>
      <object_component id="oc-665">
         <name>.debug_info</name>
         <load_address>0x8176</load_address>
         <run_address>0x8176</run_address>
         <size>0x296</size>
         <input_file_ref idref="fl-4e"/>
      </object_component>
      <object_component id="oc-5e5">
         <name>.debug_info</name>
         <load_address>0x840c</load_address>
         <run_address>0x840c</run_address>
         <size>0x38d</size>
         <input_file_ref idref="fl-4e"/>
      </object_component>
      <object_component id="oc-632">
         <name>.debug_info</name>
         <load_address>0x8799</load_address>
         <run_address>0x8799</run_address>
         <size>0x86</size>
         <input_file_ref idref="fl-4e"/>
      </object_component>
      <object_component id="oc-6c8">
         <name>.debug_info</name>
         <load_address>0x881f</load_address>
         <run_address>0x881f</run_address>
         <size>0xa1</size>
         <input_file_ref idref="fl-4e"/>
      </object_component>
      <object_component id="oc-690">
         <name>.debug_info</name>
         <load_address>0x88c0</load_address>
         <run_address>0x88c0</run_address>
         <size>0x39</size>
         <input_file_ref idref="fl-4e"/>
      </object_component>
      <object_component id="oc-790">
         <name>.debug_info</name>
         <load_address>0x88f9</load_address>
         <run_address>0x88f9</run_address>
         <size>0x7a</size>
         <input_file_ref idref="fl-4e"/>
      </object_component>
      <object_component id="oc-725">
         <name>.debug_info</name>
         <load_address>0x8973</load_address>
         <run_address>0x8973</run_address>
         <size>0x46</size>
         <input_file_ref idref="fl-4e"/>
      </object_component>
      <object_component id="oc-80b">
         <name>.debug_info</name>
         <load_address>0x89b9</load_address>
         <run_address>0x89b9</run_address>
         <size>0x174</size>
         <input_file_ref idref="fl-4f"/>
      </object_component>
      <object_component id="oc-7af">
         <name>.debug_info</name>
         <load_address>0x8b2d</load_address>
         <run_address>0x8b2d</run_address>
         <size>0x21d</size>
         <input_file_ref idref="fl-4f"/>
      </object_component>
      <object_component id="oc-71c">
         <name>.debug_info</name>
         <load_address>0x8d4a</load_address>
         <run_address>0x8d4a</run_address>
         <size>0x1cf</size>
         <input_file_ref idref="fl-50"/>
      </object_component>
      <object_component id="oc-78b">
         <name>.debug_info</name>
         <load_address>0x8f19</load_address>
         <run_address>0x8f19</run_address>
         <size>0x94</size>
         <input_file_ref idref="fl-50"/>
      </object_component>
      <object_component id="oc-7e0">
         <name>.debug_info</name>
         <load_address>0x8fad</load_address>
         <run_address>0x8fad</run_address>
         <size>0x19d</size>
         <input_file_ref idref="fl-51"/>
      </object_component>
      <object_component id="oc-779">
         <name>.debug_info</name>
         <load_address>0x914a</load_address>
         <run_address>0x914a</run_address>
         <size>0x252</size>
         <input_file_ref idref="fl-51"/>
      </object_component>
      <object_component id="oc-834">
         <name>.debug_info</name>
         <load_address>0x939c</load_address>
         <run_address>0x939c</run_address>
         <size>0x16d</size>
         <input_file_ref idref="fl-52"/>
      </object_component>
      <object_component id="oc-7da">
         <name>.debug_info</name>
         <load_address>0x9509</load_address>
         <run_address>0x9509</run_address>
         <size>0x5bd</size>
         <input_file_ref idref="fl-52"/>
      </object_component>
      <object_component id="oc-806">
         <name>.debug_info</name>
         <load_address>0x9ac6</load_address>
         <run_address>0x9ac6</run_address>
         <size>0x138</size>
         <input_file_ref idref="fl-53"/>
      </object_component>
      <object_component id="oc-6c4">
         <name>.debug_info</name>
         <load_address>0x9bfe</load_address>
         <run_address>0x9bfe</run_address>
         <size>0x121</size>
         <input_file_ref idref="fl-54"/>
      </object_component>
      <object_component id="oc-73a">
         <name>.debug_info</name>
         <load_address>0x9d1f</load_address>
         <run_address>0x9d1f</run_address>
         <size>0x123</size>
         <input_file_ref idref="fl-55"/>
      </object_component>
      <object_component id="oc-7a3">
         <name>.debug_info</name>
         <load_address>0x9e42</load_address>
         <run_address>0x9e42</run_address>
         <size>0x15c</size>
         <input_file_ref idref="fl-56"/>
      </object_component>
      <object_component id="oc-733">
         <name>.debug_info</name>
         <load_address>0x9f9e</load_address>
[...]
         <object_component_ref idref="oc-43d"/>
      </symbol>
      <symbol id="sm-500">
         <name>__TI_int25</name>
         <value>0xffd4</value>
         <object_component_ref idref="oc-75"/>
      </symbol>
      <symbol id="sm-503">
         <name>__TI_int26</name>
         <value>0xffd6</value>
         <object_component_ref idref="oc-76"/>
      </symbol>
      <symbol id="sm-506">
         <name>__TI_int27</name>
         <value>0xffd8</value>
         <object_component_ref idref="oc-77"/>
      </symbol>
      <symbol id="sm-509">
         <name>__TI_int28</name>
         <value>0xffda</value>
         <object_component_ref idref="oc-78"/>
      </symbol>
      <symbol id="sm-50c">
         <name>__TI_int29</name>
         <value>0xffdc</value>
         <object_component_ref idref="oc-79"/>
      </symbol>
      <symbol id="sm-50f">
         <name>__TI_int30</name>
         <value>0xffde</value>
         <object_component_ref idref="oc-7a"/>
      </symbol>
      <symbol id="sm-512">
         <name>__TI_int31</name>
         <value>0xffe0</value>
         <object_component_ref idref="oc-7b"/>
      </symbol>
      <symbol id="sm-515">
         <name>__TI_int33</name>
         <value>0xffe4</value>
         <object_component_ref idref="oc-7d"/>
      </symbol>
      <symbol id="sm-518">
         <name>__TI_int34</name>
         <value>0xffe6</value>
         <object_component_ref idref="oc-7e"/>
      </symbol>
      <symbol id="sm-51b">
         <name>__TI_int35</name>
         <value>0xffe8</value>
         <object_component_ref idref="oc-7f"/>
      </symbol>
      <symbol id="sm-51e">
         <name>__TI_int36</name>
         <value>0xffea</value>
         <object_component_ref idref="oc-80"/>
      </symbol>
      <symbol id="sm-521">
         <name>__TI_int37</name>
         <value>0xffec</value>
         <object_component_ref idref="oc-81"/>
      </symbol>
      <symbol id="sm-524">
         <name>__TI_int38</name>
         <value>0xffee</value>
         <object_component_ref idref="oc-82"/>
      </symbol>
      <symbol id="sm-527">
         <name>__TI_int39</name>
         <value>0xfff0</value>
         <object_component_ref idref="oc-83"/>
      </symbol>
      <symbol id="sm-52a">
         <name>__TI_int40</name>
         <value>0xfff2</value>
         <object_component_ref idref="oc-84"/>
      </symbol>
      <symbol id="sm-52d">
         <name>__TI_int41</name>
         <value>0xfff4</value>
         <object_component_ref idref="oc-85"/>
      </symbol>
      <symbol id="sm-530">
         <name>__TI_int42</name>
         <value>0xfff6</value>
         <object_component_ref idref="oc-86"/>
      </symbol>
      <symbol id="sm-533">
         <name>__TI_int43</name>
         <value>0xfff8</value>
         <object_component_ref idref="oc-87"/>
      </symbol>
      <symbol id="sm-536">
         <name>__TI_int44</name>
         <value>0xfffa</value>
         <object_component_ref idref="oc-88"/>
      </symbol>
      <symbol id="sm-539">
         <name>__TI_int45</name>
         <value>0xfffc</value>
         <object_component_ref idref="oc-89"/>
      </symbol>
      <symbol id="sm-549">
         <name>__TI_zero_init_nomemset</name>
         <value>0xbab4</value>
         <object_component_ref idref="oc-44e"/>
      </symbol>
      <symbol id="sm-554">
         <name>__memcpy_far</name>
         <value>0xb9f4</value>
         <object_component_ref idref="oc-42b"/>
      </symbol>
      <symbol id="sm-55c">
         <name>__mspabi_mpyi_f5hw</name>
         <value>0xbe88</value>
         <object_component_ref idref="oc-611"/>
      </symbol>
      <symbol id="sm-564">
         <name>__mspabi_mpyl_f5hw</name>
         <value>0xbdc8</value>
         <object_component_ref idref="oc-829"/>
      </symbol>
      <symbol id="sm-56c">
         <name>__mspabi_mpyll_f5hw</name>
         <value>0xb7b4</value>
         <object_component_ref idref="oc-81c"/>
      </symbol>
      <symbol id="sm-575">
         <name>__mspabi_mpyull_f5hw</name>
         <value>0xbd26</value>
         <object_component_ref idref="oc-821"/>
      </symbol>
      <symbol id="sm-585">
         <name>_c_int00_noargs_mpu</name>
         <value>0xc002</value>
         <object_component_ref idref="oc-478"/>
      </symbol>
      <symbol id="sm-586">
         <name>_stack</name>
         <value>0x2f60</value>
         <object_component_ref idref="oc-41c"/>
      </symbol>
      <symbol id="sm-587">
         <name>_reset_vector</name>
         <value>0xfffe</value>
         <object_component_ref idref="oc-41f"/>
      </symbol>
      <symbol id="sm-595">
         <name>__mpu_init</name>
         <value>0xbbac</value>
         <object_component_ref idref="oc-4ca"/>
      </symbol>
      <symbol id="sm-5b8">
         <name>__TI_auto_init_nobinit_nopinit_hold_wdt</name>
         <value>0xb6e4</value>
         <object_component_ref idref="oc-541"/>
      </symbol>
      <symbol id="sm-5c1">
         <name>_system_post_cinit</name>
         <value>0xbf80</value>
         <object_component_ref idref="oc-5ab"/>
      </symbol>
      <symbol id="sm-5ca">
         <name>_system_pre_init</name>
         <value>0xbf7c</value>
         <object_component_ref idref="oc-4b2"/>
      </symbol>
      <symbol id="sm-5db">
         <name>C$$EXIT</name>
         <value>0xbf76</value>
         <object_component_ref idref="oc-51d"/>
      </symbol>
      <symbol id="sm-5dc">
         <name>abort</name>
         <value>0xbf76</value>
         <object_component_ref idref="oc-51d"/>
      </symbol>
      <symbol id="sm-5ec">
         <name>memcpy</name>
         <value>0xbf0c</value>
         <object_component_ref idref="oc-5ce"/>
      </symbol>
      <symbol id="sm-618">
         <name>snprintf</name>
         <value>0xb810</value>
         <object_component_ref idref="oc-510"/>
      </symbol>
      <symbol id="sm-7e9">
         <name>__TI_printfi</name>
         <value>0x9374</value>
         <object_component_ref idref="oc-5e2"/>
      </symbol>
      <symbol id="sm-7f8">
         <name>__TI_ltoa</name>
         <value>0xb5f4</value>
         <object_component_ref idref="oc-7ae"/>
      </symbol>
      <symbol id="sm-817">
         <name>__mspabi_cmpd</name>
         <value>0xaf3c</value>
         <object_component_ref idref="oc-71b"/>
      </symbol>
      <symbol id="sm-838">
         <name>__mspabi_divd</name>
         <value>0x9cd2</value>
         <object_component_ref idref="oc-776"/>
      </symbol>
      <symbol id="sm-853">
         <name>__TI_frcdivd</name>
         <value>0x892c</value>
         <object_component_ref idref="oc-7d9"/>
      </symbol>
      <symbol id="sm-85f">
         <name>__mspabi_remli</name>
         <value>0xba74</value>
         <object_component_ref idref="oc-805"/>
      </symbol>
      <symbol id="sm-860">
         <name>__mspabi_divli</name>
         <value>0xba74</value>
         <object_component_ref idref="oc-805"/>
      </symbol>
      <symbol id="sm-86a">
         <name>__mspabi_remu</name>
         <value>0xbeb8</value>
         <object_component_ref idref="oc-6c2"/>
      </symbol>
      <symbol id="sm-86b">
         <name>__mspabi_divu</name>
         <value>0xbeb8</value>
         <object_component_ref idref="oc-6c2"/>
      </symbol>
      <symbol id="sm-879">
         <name>__mspabi_remul</name>
         <value>0xb86a</value>
         <object_component_ref idref="oc-738"/>
      </symbol>
      <symbol id="sm-87a">
         <name>__mspabi_divul</name>
         <value>0xb86a</value>
         <object_component_ref idref="oc-738"/>
      </symbol>
      <symbol id="sm-8ad">
         <name>__mspabi_divull</name>
         <value>0x8d94</value>
         <object_component_ref idref="oc-732"/>
      </symbol>
      <symbol id="sm-8ba">
         <name>__mspabi_fixdi</name>
         <value>0xbd7c</value>
         <object_component_ref idref="oc-7c0"/>
      </symbol>
      <symbol id="sm-8c9">
         <name>__mspabi_fixdli</name>
         <value>0xb74e</value>
         <object_component_ref idref="oc-7a8"/>
      </symbol>
      <symbol id="sm-8d2">
         <name>__mspabi_fltid</name>
         <value>0xbf4c</value>
         <object_component_ref idref="oc-7f4"/>
      </symbol>
      <symbol id="sm-8ea">
         <name>__mspabi_fltlid</name>
         <value>0xb442</value>
         <object_component_ref idref="oc-7b4"/>
      </symbol>
      <symbol id="sm-90f">
         <name>__mspabi_mpyd</name>
         <value>0x90e2</value>
         <object_component_ref idref="oc-770"/>
      </symbol>
      <symbol id="sm-91a">
         <name>__TI_frcmpyd</name>
         <value>0xa760</value>
         <object_component_ref idref="oc-7d1"/>
      </symbol>
      <symbol id="sm-927">
         <name>__mspabi_negd</name>
         <value>0xbd52</value>
         <object_component_ref idref="oc-6fd"/>
      </symbol>
      <symbol id="sm-92f">
         <name>__mspabi_slll_9</name>
         <value>0xbb48</value>
         <object_component_ref idref="oc-7ff"/>
      </symbol>
      <symbol id="sm-930">
         <name>__mspabi_slll_8</name>
         <value>0xbb4c</value>
         <object_component_ref idref="oc-7ff"/>
      </symbol>
      <symbol id="sm-931">
         <name>__mspabi_slll_7</name>
         <value>0xbb50</value>
         <object_component_ref idref="oc-7ff"/>
      </symbol>
      <symbol id="sm-932">
         <name>__mspabi_slll_6</name>
         <value>0xbb54</value>
         <object_component_ref idref="oc-7ff"/>
      </symbol>
      <symbol id="sm-933">
         <name>__mspabi_slll_5</name>
         <value>0xbb58</value>
         <object_component_ref idref="oc-7ff"/>
      </symbol>
      <symbol id="sm-934">
         <name>__mspabi_slll_4</name>
         <value>0xbb5c</value>
         <object_component_ref idref="oc-7ff"/>
      </symbol>
      <symbol id="sm-935">
         <name>__mspabi_slll_3</name>
         <value>0xbb60</value>
         <object_component_ref idref="oc-7ff"/>
      </symbol>
      <symbol id="sm-936">
         <name>__mspabi_slll_2</name>
         <value>0xbb64</value>
         <object_component_ref idref="oc-7ff"/>
      </symbol>
      <symbol id="sm-937">
         <name>__mspabi_slll_1</name>
         <value>0xbb68</value>
         <object_component_ref idref="oc-7ff"/>
      </symbol>
      <symbol id="sm-938">
         <name>__mspabi_slll_15</name>
         <value>0xbb30</value>
         <object_component_ref idref="oc-7ff"/>
      </symbol>
      <symbol id="sm-939">
         <name>__mspabi_slll_14</name>
         <value>0xbb34</value>
         <object_component_ref idref="oc-7ff"/>
      </symbol>
      <symbol id="sm-93a">
         <name>__mspabi_slll_13</name>
         <value>0xbb38</value>
         <object_component_ref idref="oc-7ff"/>
      </symbol>
      <symbol id="sm-93b">
         <name>__mspabi_slll_12</name>
         <value>0xbb3c</value>
         <object_component_ref idref="oc-7ff"/>
      </symbol>
      <symbol id="sm-93c">
         <name>__mspabi_slll_11</name>
         <value>0xbb40</value>
         <object_component_ref idref="oc-7ff"/>
      </symbol>
      <symbol id="sm-93d">
         <name>__mspabi_slll_10</name>
         <value>0xbb44</value>
         <object_component_ref idref="oc-7ff"/>
      </symbol>
      <symbol id="sm-94a">
         <name>__mspabi_sllll</name>
         <value>0xbc24</value>
         <object_component_ref idref="oc-797"/>
      </symbol>
      <symbol id="sm-952">
         <name>__mspabi_sral_15</name>
         <value>0xbaf2</value>
         <object_component_ref idref="oc-82e"/>
      </symbol>
      <symbol id="sm-953">
         <name>__mspabi_sral_14</name>
         <value>0xbaf6</value>
         <object_component_ref idref="oc-82e"/>
      </symbol>
      <symbol id="sm-954">
         <name>__mspabi_sral_13</name>
         <value>0xbafa</value>
         <object_component_ref idref="oc-82e"/>
      </symbol>
      <symbol id="sm-955">
         <name>__mspabi_sral_12</name>
         <value>0xbafe</value>
         <object_component_ref idref="oc-82e"/>
      </symbol>
      <symbol id="sm-956">
         <name>__mspabi_sral_11</name>
         <value>0xbb02</value>
         <object_component_ref idref="oc-82e"/>
      </symbol>
      <symbol id="sm-957">
         <name>__mspabi_sral_10</name>
         <value>0xbb06</value>
         <object_component_ref idref="oc-82e"/>
      </symbol>
      <symbol id="sm-958">
         <name>__mspabi_sral_8</name>
         <value>0xbb0e</value>
         <object_component_ref idref="oc-82e"/>
      </symbol>
      <symbol id="sm-959">
         <name>__mspabi_sral_9</name>
         <value>0xbb0a</value>
         <object_component_ref idref="oc-82e"/>
      </symbol>
      <symbol id="sm-95a">
         <name>__mspabi_sral_6</name>
         <value>0xbb16</value>
         <object_component_ref idref="oc-82e"/>
      </symbol>
      <symbol id="sm-95b">
         <name>__mspabi_sral_7</name>
         <value>0xbb12</value>
         <object_component_ref idref="oc-82e"/>
      </symbol>
      <symbol id="sm-95c">
         <name>__mspabi_sral_4</name>
         <value>0xbb1e</value>
         <object_component_ref idref="oc-82e"/>
      </symbol>
      <symbol id="sm-95d">
         <name>__mspabi_sral_5</name>
         <value>0xbb1a</value>
         <object_component_ref idref="oc-82e"/>
      </symbol>
      <symbol id="sm-95e">
         <name>__mspabi_sral_2</name>
         <value>0xbb26</value>
         <object_component_ref idref="oc-82e"/>
      </symbol>
      <symbol id="sm-95f">
         <name>__mspabi_sral_3</name>
         <value>0xbb22</value>
         <object_component_ref idref="oc-82e"/>
      </symbol>
      <symbol id="sm-960">
         <name>__mspabi_sral_1</name>
         <value>0xbb2a</value>
         <object_component_ref idref="oc-82e"/>
      </symbol>
      <symbol id="sm-970">
         <name>__mspabi_srll_8</name>
         <value>0xbb8a</value>
         <object_component_ref idref="oc-80c"/>
      </symbol>
      <symbol id="sm-971">
         <name>__mspabi_srll_9</name>
         <value>0xbb86</value>
         <object_component_ref idref="oc-80c"/>
      </symbol>
      <symbol id="sm-972">
         <name>__mspabi_srll_6</name>
         <value>0xbb92</value>
         <object_component_ref idref="oc-80c"/>
      </symbol>
      <symbol id="sm-973">
         <name>__mspabi_srll_7</name>
         <value>0xbb8e</value>
         <object_component_ref idref="oc-80c"/>
      </symbol>
      <symbol id="sm-974">
         <name>__mspabi_srll_4</name>
         <value>0xbb9a</value>
         <object_component_ref idref="oc-80c"/>
      </symbol>
      <symbol id="sm-975">
         <name>__mspabi_srll_5</name>
         <value>0xbb96</value>
         <object_component_ref idref="oc-80c"/>
      </symbol>
      <symbol id="sm-976">
         <name>__mspabi_srll_2</name>
         <value>0xbba2</value>
         <object_component_ref idref="oc-80c"/>
      </symbol>
      <symbol id="sm-977">
         <name>__mspabi_srll_3</name>
         <value>0xbb9e</value>
         <object_component_ref idref="oc-80c"/>
      </symbol>
      <symbol id="sm-978">
         <name>__mspabi_srll_1</name>
         <value>0xbba6</value>
         <object_component_ref idref="oc-80c"/>
      </symbol>
      <symbol id="sm-979">
         <name>__mspabi_srll_15</name>
         <value>0xbb6e</value>
         <object_component_ref idref="oc-80c"/>
      </symbol>
      <symbol id="sm-97a">
         <name>__mspabi_srll_14</name>
         <value>0xbb72</value>
         <object_component_ref idref="oc-80c"/>
      </symbol>
      <symbol id="sm-97b">
         <name>__mspabi_srll_13</name>
         <value>0xbb76</value>
         <object_component_ref idref="oc-80c"/>
      </symbol>
      <symbol id="sm-97c">
         <name>__mspabi_srll_12</name>
         <value>0xbb7a</value>
         <object_component_ref idref="oc-80c"/>
      </symbol>
      <symbol id="sm-97d">
         <name>__mspabi_srll_11</name>
         <value>0xbb7e</value>
         <object_component_ref idref="oc-80c"/>
      </symbol>
      <symbol id="sm-97e">
         <name>__mspabi_srll_10</name>
         <value>0xbb82</value>
         <object_component_ref idref="oc-80c"/>
      </symbol>
      <symbol id="sm-97f">
         <name>__mspabi_srll</name>
         <value>0xbf1e</value>
         <object_component_ref idref="oc-79d"/>
      </symbol>
      <symbol id="sm-98c">
         <name>__mspabi_srlll</name>
         <value>0xbc5e</value>
         <object_component_ref idref="oc-73d"/>
      </symbol>
      <symbol id="sm-995">
         <name>__mspabi_subd</name>
         <value>0xbcca</value>
         <object_component_ref idref="oc-7ba"/>
      </symbol>
      <symbol id="sm-9cf">
         <name>__mspabi_addd</name>
         <value>0x8202</value>
         <object_component_ref idref="oc-813"/>
      </symbol>
      <symbol id="sm-9dc">
         <name>__mspabi_srall</name>
         <value>0xba34</value>
         <object_component_ref idref="oc-850"/>
      </symbol>
      <symbol id="sm-9e6">
         <name>abs</name>
         <value>0xbf64</value>
         <object_component_ref idref="oc-7c7"/>
      </symbol>
      <symbol id="sm-9f9">
         <name>atoi</name>
         <value>0xb8c2</value>
         <object_component_ref idref="oc-695"/>
      </symbol>
      <symbol id="sm-a03">
         <name>_ctypes_</name>
         <value>0x8030</value>
         <object_component_ref idref="oc-6cf"/>
      </symbol>
      <symbol id="sm-a0a">
         <name>errno</name>
         <value>0x2094</value>
         <object_component_ref idref="oc-6aa"/>
      </symbol>
      <symbol id="sm-a26">
         <name>frexpl</name>
         <value>0xb2fe</value>
         <object_component_ref idref="oc-77d"/>
      </symbol>
      <symbol id="sm-a27">
         <name>frexp</name>
         <value>0xb2fe</value>
         <object_component_ref idref="oc-77d"/>
      </symbol>
      <symbol id="sm-a40">
         <name>scalbn</name>
         <value>0xa8c4</value>
         <object_component_ref idref="oc-7e8"/>
      </symbol>
      <symbol id="sm-a41">
         <name>scalbnl</name>
         <value>0xa8c4</value>
         <object_component_ref idref="oc-7e8"/>
      </symbol>
      <symbol id="sm-a42">
         <name>ldexpl</name>
         <value>0xa8c4</value>
         <object_component_ref idref="oc-7e8"/>
      </symbol>
      <symbol id="sm-a43">
         <name>ldexp</name>
         <value>0xa8c4</value>
         <object_component_ref idref="oc-7e8"/>
      </symbol>
      <symbol id="sm-a4c">
         <name>copysign</name>
         <value>0xbcf8</value>
         <object_component_ref idref="oc-83e"/>
      </symbol>
      <symbol id="sm-a4d">
         <name>copysignl</name>
         <value>0xbcf8</value>
         <object_component_ref idref="oc-83e"/>
      </symbol>
      <symbol id="sm-a5c">
         <name>memccpy</name>
         <value>0xbdec</value>
         <object_component_ref idref="oc-687"/>
      </symbol>
      <symbol id="sm-a6a">
         <name>memset</name>
         <value>0xbee4</value>
         <object_component_ref idref="oc-67a"/>
      </symbol>
      <symbol id="sm-a79">
         <name>strchr</name>
         <value>0xbe6e</value>
         <object_component_ref idref="oc-7ee"/>
      </symbol>
      <symbol id="sm-a87">
         <name>strcmp</name>
         <value>0xbea0</value>
         <object_component_ref idref="oc-49c"/>
      </symbol>
      <symbol id="sm-a94">
         <name>strlen</name>
         <value>0xbf3e</value>
         <object_component_ref idref="oc-624"/>
      </symbol>
      <symbol id="sm-aa1">
         <name>toupper</name>
         <value>0xbf58</value>
         <object_component_ref idref="oc-6f7"/>
      </symbol>
      <symbol id="sm-ab9">
         <name>wcslen</name>
         <value>0xbef8</value>
         <object_component_ref idref="oc-6a4"/>
      </symbol>
   </symbol_table>
   <title>Link successful</title>
</link_info>
